<html>
<body>
<pre>
<h1>µVision Build Log</h1>
<h2>Tool Versions:</h2>
IDE-Version: µVision V5.36.0.0
Copyright (C) 2021 ARM Ltd and ARM Germany GmbH. All rights reserved.
License Information: Alexander Bourdage, University of St. Thomas, LIC=----
 
Tool Versions:
Toolchain:       MDK-Lite  Version: 5.36.0.0
Toolchain Path:  C:\Keil_v5\ARM\ARMCLANG\Bin
C Compiler:      ArmClang.exe V6.16
Assembler:       Armasm.exe V6.16
Linker/Locator:  ArmLink.exe V6.16
Library Manager: ArmAr.exe V6.16
Hex Converter:   FromElf.exe V6.16
CPU DLL:         SARMCM3.DLL V5.36.0.0
Dialog DLL:      DCM.DLL V1.17.3.0
Target DLL:      STLink\ST-LINKIII-KEIL_SWO.dll V3.0.9.0
Dialog DLL:      TCM.DLL V1.53.0.0
 
<h2>Project:</h2>
C:\Users\alex_\Documents\ENGR331\ENGR331Labs\Lab4\Lab4.uvprojx
Project File Date:  03/12/2022

<h2>Output:</h2>
*** Using Compiler 'V6.16', folder: 'C:\Keil_v5\ARM\ARMCLANG\Bin'
Rebuild target 'Target 1'
assembling startup_stm32f407xx.s...
compiling system_stm32f4xx.c...
main.c(2): warning: In file included from...
./LCD.h(76): warning: no newline at end of file [-Wnewline-eof]
#endif // _LCD_H_
                 ^
main.c(3): warning: In file included from...
./lab_gpio.h(27): warning: no newline at end of file [-Wnewline-eof]
#endif // _LAB_GPIO_H
                     ^
main.c(77): warning: 4 enumeration values not explicitly handled in switch: 'DISPLAY_OFF', 'DISPLAY_AT_ONCE', 'DISPLAY_REVERSE'... [-Wswitch-enum]
    switch(state)
           ^
main.c(260): warning: no newline at end of file [-Wnewline-eof]
}
 ^
4 warnings generated.
compiling main.c...
LCD.c(9): warning: In file included from...
./LCD.h(76): warning: no newline at end of file [-Wnewline-eof]
#endif // _LCD_H_
                 ^
LCD.c(15): warning: In file included from...
./lab_gpio.h(27): warning: no newline at end of file [-Wnewline-eof]
#endif // _LAB_GPIO_H
                     ^
2 warnings generated.
compiling LCD.c...
lab_gpio.c(8): warning: In file included from...
./lab_gpio.h(27): warning: no newline at end of file [-Wnewline-eof]
#endif // _LAB_GPIO_H
                     ^
lab_gpio.c(128): warning: implicit conversion changes signedness: 'int' to 'unsigned int' [-Wsign-conversion]
                port->ODR |= (level << pin);
                          ~~  ~~~~~~^~~~~~
lab_gpio.c(134): warning: no newline at end of file [-Wnewline-eof]
}
 ^
3 warnings generated.
compiling lab_gpio.c...
linking...
Program Size: Code=9336 RO-data=1024 RW-data=8 ZI-data=1640  
".\Objects\Lab4.axf" - 0 Error(s), 9 Warning(s).

<h2>Software Packages used:</h2>

Package Vendor: ARM
                http://www.keil.com/pack/ARM.CMSIS.5.8.0.pack
                ARM.CMSIS.5.8.0
                CMSIS (Common Microcontroller Software Interface Standard)
   * Component: CORE Version: 5.5.0

Package Vendor: Keil
                http://www.keil.com/pack/Keil.STM32F4xx_DFP.2.16.0.pack
                Keil.STM32F4xx_DFP.2.16.0
                STMicroelectronics STM32F4 Series Device Support, Drivers and Examples
   * Component: Startup Version: 2.6.3

<h2>Collection of Component include folders:</h2>
  .\RTE\_Target_1
  C:\Users\alex_\AppData\Local\Arm\Packs\ARM\CMSIS\5.8.0\CMSIS\Core\Include
  C:\Users\alex_\AppData\Local\Arm\Packs\Keil\STM32F4xx_DFP\2.16.0\Drivers\CMSIS\Device\ST\STM32F4xx\Include

<h2>Collection of Component Files used:</h2>

   * Component: ARM::CMSIS:CORE:5.5.0

   * Component: Keil::Device:Startup:2.6.3
      Source file:   MDK\Device\Source\ARM\STM32F4xx_OTP.s
      Include file:  Drivers\CMSIS\Device\ST\STM32F4xx\Include\stm32f4xx.h
      Source file:   Drivers\CMSIS\Device\ST\STM32F4xx\Source\Templates\arm\startup_stm32f407xx.s
      Source file:   MDK\Device\Source\ARM\STM32F40xxx_41xxx_OPT.s
      Source file:   Drivers\CMSIS\Device\ST\STM32F4xx\Source\Templates\system_stm32f4xx.c
Build Time Elapsed:  00:00:01
</pre>
</body>
</html>
