Component: ARM Compiler 6.16 Tool: armlink [5dfeaa00]

==============================================================================

Section Cross References

    lab_gpio.o(.text.LED_init) refers to lab_gpio.o(.text.gpio_clock_enable) for gpio_clock_enable
    lab_gpio.o(.text.LED_init) refers to lab_gpio.o(.text.gpio_pin_set_mode) for gpio_pin_set_mode
    lab_gpio.o(.text.LED_init) refers to lab_gpio.o(.text.gpio_set_pupdr) for gpio_set_pupdr
    lab_gpio.o(.text.LED_init) refers to lab_gpio.o(.text.gpio_set_output_type) for gpio_set_output_type
    lab_gpio.o(.ARM.exidx.text.LED_init) refers to lab_gpio.o(.text.LED_init) for [Anonymous Symbol]
    lab_gpio.o(.ARM.exidx.text.gpio_clock_enable) refers to lab_gpio.o(.text.gpio_clock_enable) for [Anonymous Symbol]
    lab_gpio.o(.ARM.exidx.text.gpio_pin_set_mode) refers to lab_gpio.o(.text.gpio_pin_set_mode) for [Anonymous Symbol]
    lab_gpio.o(.ARM.exidx.text.gpio_set_pupdr) refers to lab_gpio.o(.text.gpio_set_pupdr) for [Anonymous Symbol]
    lab_gpio.o(.ARM.exidx.text.gpio_set_output_type) refers to lab_gpio.o(.text.gpio_set_output_type) for [Anonymous Symbol]
    lab_gpio.o(.text.user_button_init) refers to lab_gpio.o(.text.gpio_clock_enable) for gpio_clock_enable
    lab_gpio.o(.text.user_button_init) refers to lab_gpio.o(.text.gpio_pin_set_mode) for gpio_pin_set_mode
    lab_gpio.o(.text.user_button_init) refers to lab_gpio.o(.text.gpio_set_pupdr) for gpio_set_pupdr
    lab_gpio.o(.ARM.exidx.text.user_button_init) refers to lab_gpio.o(.text.user_button_init) for [Anonymous Symbol]
    lab_gpio.o(.ARM.exidx.text.gpio_pin_set) refers to lab_gpio.o(.text.gpio_pin_set) for [Anonymous Symbol]
    lab_gpio.o(.ARM.exidx.text.gpio_pin_clear) refers to lab_gpio.o(.text.gpio_pin_clear) for [Anonymous Symbol]
    lab_gpio.o(.ARM.exidx.text.gpio_pin_get_level) refers to lab_gpio.o(.text.gpio_pin_get_level) for [Anonymous Symbol]
    lab_gpio.o(.ARM.exidx.text.gpio_pin_toggle_output) refers to lab_gpio.o(.text.gpio_pin_toggle_output) for [Anonymous Symbol]
    lab_gpio.o(.ARM.exidx.text.gpio_pin_set_level) refers to lab_gpio.o(.text.gpio_pin_set_level) for [Anonymous Symbol]
    lcd.o(.ARM.exidx.text.tim6_delay) refers to lcd.o(.text.tim6_delay) for [Anonymous Symbol]
    lcd.o(.text.delay) refers to lcd.o(.text.tim6_delay) for tim6_delay
    lcd.o(.ARM.exidx.text.delay) refers to lcd.o(.text.delay) for [Anonymous Symbol]
    lcd.o(.text.LCD_port_init) refers to lab_gpio.o(.text.gpio_clock_enable) for gpio_clock_enable
    lcd.o(.text.LCD_port_init) refers to lab_gpio.o(.text.gpio_pin_set_mode) for gpio_pin_set_mode
    lcd.o(.text.LCD_port_init) refers to lab_gpio.o(.text.gpio_set_output_type) for gpio_set_output_type
    lcd.o(.text.LCD_port_init) refers to lab_gpio.o(.text.gpio_pin_clear) for gpio_pin_clear
    lcd.o(.ARM.exidx.text.LCD_port_init) refers to lcd.o(.text.LCD_port_init) for [Anonymous Symbol]
    lcd.o(.text.LCD_init) refers to lcd.o(.text.delay) for delay
    lcd.o(.text.LCD_init) refers to lab_gpio.o(.text.gpio_pin_clear) for gpio_pin_clear
    lcd.o(.text.LCD_init) refers to lcd.o(.text.LCD_putNibble) for LCD_putNibble
    lcd.o(.text.LCD_init) refers to lcd.o(.text.LCD_send_cmd) for LCD_send_cmd
    lcd.o(.ARM.exidx.text.LCD_init) refers to lcd.o(.text.LCD_init) for [Anonymous Symbol]
    lcd.o(.text.LCD_putNibble) refers to lab_gpio.o(.text.gpio_pin_set) for gpio_pin_set
    lcd.o(.text.LCD_putNibble) refers to lab_gpio.o(.text.gpio_pin_set_level) for gpio_pin_set_level
    lcd.o(.text.LCD_putNibble) refers to lcd.o(.text.delay) for delay
    lcd.o(.text.LCD_putNibble) refers to lab_gpio.o(.text.gpio_pin_clear) for gpio_pin_clear
    lcd.o(.ARM.exidx.text.LCD_putNibble) refers to lcd.o(.text.LCD_putNibble) for [Anonymous Symbol]
    lcd.o(.text.LCD_send_cmd) refers to lab_gpio.o(.text.gpio_pin_clear) for gpio_pin_clear
    lcd.o(.text.LCD_send_cmd) refers to lcd.o(.text.LCD_putNibble) for LCD_putNibble
    lcd.o(.text.LCD_send_cmd) refers to lab_gpio.o(.text.gpio_pin_set) for gpio_pin_set
    lcd.o(.text.LCD_send_cmd) refers to lcd.o(.text.delay) for delay
    lcd.o(.ARM.exidx.text.LCD_send_cmd) refers to lcd.o(.text.LCD_send_cmd) for [Anonymous Symbol]
    lcd.o(.ARM.exidx.text.place_lcd_cursor) refers to lcd.o(.text.place_lcd_cursor) for [Anonymous Symbol]
    lcd.o(.text.LCD_clear_display) refers to lcd.o(.text.LCD_send_cmd) for LCD_send_cmd
    lcd.o(.ARM.exidx.text.LCD_clear_display) refers to lcd.o(.text.LCD_clear_display) for [Anonymous Symbol]
    lcd.o(.text.LCD_write_char) refers to lcd.o(.text.LCD_putNibble) for LCD_putNibble
    lcd.o(.ARM.exidx.text.LCD_write_char) refers to lcd.o(.text.LCD_write_char) for [Anonymous Symbol]
    lcd.o(.text.LCD_write_string) refers to lcd.o(.text.LCD_clear_display) for LCD_clear_display
    lcd.o(.text.LCD_write_string) refers to strncpy.o(.text) for strncpy
    lcd.o(.text.LCD_write_string) refers to lcd.o(.text.LCD_send_cmd) for LCD_send_cmd
[...]
    ../clib/longlong.s                       0x00000000   Number         0  lludiv10.o ABSOLUTE
    ../clib/longlong.s                       0x00000000   Number         0  llushr.o ABSOLUTE
    ../clib/memcpset.s                       0x00000000   Number         0  strncpy.o ABSOLUTE
    ../clib/memcpset.s                       0x00000000   Number         0  rt_memclr.o ABSOLUTE
    ../clib/memcpset.s                       0x00000000   Number         0  rt_memclr_w.o ABSOLUTE
    ../clib/memcpset.s                       0x00000000   Number         0  strcmpv7em.o ABSOLUTE
    ../clib/misc.s                           0x00000000   Number         0  printf_stubs.o ABSOLUTE
    ../clib/printf.c                         0x00000000   Number         0  sprintf.o ABSOLUTE
    ../clib/printf.c                         0x00000000   Number         0  __printf.o ABSOLUTE
    ../clib/printf.c                         0x00000000   Number         0  _printf_pad.o ABSOLUTE
    ../clib/printf.c                         0x00000000   Number         0  _printf_truncate.o ABSOLUTE
    ../clib/printf.c                         0x00000000   Number         0  _printf_str.o ABSOLUTE
    ../clib/printf.c                         0x00000000   Number         0  _printf_dec.o ABSOLUTE
    ../clib/printf.c                         0x00000000   Number         0  _printf_charcount.o ABSOLUTE
    ../clib/printf.c                         0x00000000   Number         0  _printf_char_common.o ABSOLUTE
    ../clib/printf.c                         0x00000000   Number         0  _sputc.o ABSOLUTE
    ../clib/printf.c                         0x00000000   Number         0  _printf_wctomb.o ABSOLUTE
    ../clib/printf.c                         0x00000000   Number         0  _printf_longlong_dec.o ABSOLUTE
    ../clib/printf.c                         0x00000000   Number         0  _printf_oct_ll.o ABSOLUTE
    ../clib/printf.c                         0x00000000   Number         0  _printf_oct_int.o ABSOLUTE
    ../clib/printf.c                         0x00000000   Number         0  _printf_oct_int_ll.o ABSOLUTE
    ../clib/printf.c                         0x00000000   Number         0  _printf_hex_ll.o ABSOLUTE
    ../clib/printf.c                         0x00000000   Number         0  _printf_hex_int.o ABSOLUTE
    ../clib/printf.c                         0x00000000   Number         0  _printf_hex_int_ll.o ABSOLUTE
    ../clib/printf.c                         0x00000000   Number         0  _printf_hex_ptr.o ABSOLUTE
    ../clib/printf.c                         0x00000000   Number         0  _printf_hex_int_ptr.o ABSOLUTE
    ../clib/printf.c                         0x00000000   Number         0  _printf_hex_ll_ptr.o ABSOLUTE
    ../clib/printf.c                         0x00000000   Number         0  _printf_hex_int_ll_ptr.o ABSOLUTE
    ../clib/printf.c                         0x00000000   Number         0  __printf_flags.o ABSOLUTE
    ../clib/printf.c                         0x00000000   Number         0  __printf_ss.o ABSOLUTE
    ../clib/printf.c                         0x00000000   Number         0  __printf_flags_ss.o ABSOLUTE
    ../clib/printf.c                         0x00000000   Number         0  __printf_wp.o ABSOLUTE
    ../clib/printf.c                         0x00000000   Number         0  __printf_flags_wp.o ABSOLUTE
    ../clib/printf.c                         0x00000000   Number         0  __printf_ss_wp.o ABSOLUTE
    ../clib/printf.c                         0x00000000   Number         0  __printf_flags_ss_wp.o ABSOLUTE
    ../clib/printf.c                         0x00000000   Number         0  _printf_intcommon.o ABSOLUTE
    ../clib/printf.c                         0x00000000   Number         0  _printf_fp_dec.o ABSOLUTE
    ../clib/printf.c                         0x00000000   Number         0  _printf_fp_dec_accurate.o ABSOLUTE
    ../clib/printf.c                         0x00000000   Number         0  _printf_fp_hex.o ABSOLUTE
    ../clib/printf.c                         0x00000000   Number         0  __printf_nopercent.o ABSOLUTE
    ../clib/printf.c                         0x00000000   Number         0  _printf_char.o ABSOLUTE
    ../clib/printf.c                         0x00000000   Number         0  _printf_wchar.o ABSOLUTE
    ../clib/printf.c                         0x00000000   Number         0  _printf_fp_infnan.o ABSOLUTE
    ../clib/printf_percent.s                 0x00000000   Number         0  _printf_c.o ABSOLUTE
    ../clib/printf_percent.s                 0x00000000   Number         0  _printf_s.o ABSOLUTE
    ../clib/printf_percent.s                 0x00000000   Number         0  _printf_n.o ABSOLUTE
    ../clib/printf_percent.s                 0x00000000   Number         0  _printf_x.o ABSOLUTE
    ../clib/printf_percent.s                 0x00000000   Number         0  _printf_p.o ABSOLUTE
    ../clib/printf_percent.s                 0x00000000   Number         0  _printf_o.o ABSOLUTE
    ../clib/printf_percent.s                 0x00000000   Number         0  _printf_i.o ABSOLUTE
    ../clib/printf_percent.s                 0x00000000   Number         0  _printf_d.o ABSOLUTE
    ../clib/printf_percent.s                 0x00000000   Number         0  _printf_u.o ABSOLUTE
    ../clib/printf_percent.s                 0x00000000   Number         0  _printf_f.o ABSOLUTE
    ../clib/printf_percent.s                 0x00000000   Number         0  _printf_e.o ABSOLUTE
    ../clib/printf_percent.s                 0x00000000   Number         0  _printf_g.o ABSOLUTE
    ../clib/printf_percent.s                 0x00000000   Number         0  _printf_a.o ABSOLUTE
    ../clib/printf_percent.s                 0x00000000   Number         0  _printf_percent.o ABSOLUTE
    ../clib/printf_percent.s                 0x00000000   Number         0  _printf_lli.o ABSOLUTE
    ../clib/printf_percent.s                 0x00000000   Number         0  _printf_lld.o ABSOLUTE
    ../clib/printf_percent.s                 0x00000000   Number         0  _printf_llu.o ABSOLUTE
    ../clib/printf_percent.s                 0x00000000   Number         0  _printf_ll.o ABSOLUTE
    ../clib/printf_percent.s                 0x00000000   Number         0  _printf_l.o ABSOLUTE
    ../clib/printf_percent.s                 0x00000000   Number         0  _printf_lc.o ABSOLUTE
    ../clib/printf_percent.s                 0x00000000   Number         0  _printf_ls.o ABSOLUTE
    ../clib/printf_percent.s                 0x00000000   Number         0  _printf_llo.o ABSOLUTE
    ../clib/printf_percent.s                 0x00000000   Number         0  _printf_llx.o ABSOLUTE
    ../clib/printf_percent.s                 0x00000000   Number         0  _printf_percent_end.o ABSOLUTE
    ../clib/signal.c                         0x00000000   Number         0  defsig_rtmem_outer.o ABSOLUTE
    ../clib/signal.c                         0x00000000   Number         0  defsig_rtmem_formal.o ABSOLUTE
    ../clib/signal.c                         0x00000000   Number         0  defsig_exit.o ABSOLUTE
    ../clib/signal.c                         0x00000000   Number         0  defsig_rtmem_inner.o ABSOLUTE
    ../clib/signal.c                         0x00000000   Number         0  __raise.o ABSOLUTE
    ../clib/signal.c                         0x00000000   Number         0  defsig_general.o ABSOLUTE
    ../clib/signal.c                         0x00000000   Number         0  defsig_abrt_inner.o ABSOLUTE
    ../clib/signal.c                         0x00000000   Number         0  defsig_fpe_inner.o ABSOLUTE
    ../clib/signal.c                         0x00000000   Number         0  defsig_rtred_inner.o ABSOLUTE
    ../clib/signal.c                         0x00000000   Number         0  defsig_stak_inner.o ABSOLUTE
    ../clib/signal.c                         0x00000000   Number         0  defsig_pvfn_inner.o ABSOLUTE
    ../clib/signal.c                         0x00000000   Number         0  defsig_cppl_inner.o ABSOLUTE
    ../clib/signal.c                         0x00000000   Number         0  defsig_segv_inner.o ABSOLUTE
    ../clib/signal.c                         0x00000000   Number         0  defsig_other.o ABSOLUTE
    ../clib/signal.s                         0x00000000   Number         0  defsig.o ABSOLUTE
    ../clib/stdlib.c                         0x00000000   Number         0  exit.o ABSOLUTE
    ../clib/string.c                         0x00000000   Number         0  strlen.o ABSOLUTE
    ../fplib/fpinit.s                        0x00000000   Number         0  fpinit.o ABSOLUTE
    ../fplib/istatus.s                       0x00000000   Number         0  istatus.o ABSOLUTE
    ../fplib/printf1.s                       0x00000000   Number         0  printf1.o ABSOLUTE
    ../fplib/printf2.s                       0x00000000   Number         0  printf2.o ABSOLUTE
    ../fplib/printf2a.s                      0x00000000   Number         0  printf2a.o ABSOLUTE
    ../fplib/printf2b.s                      0x00000000   Number         0  printf2b.o ABSOLUTE
    ../fplib/usenofp.s                       0x00000000   Number         0  usenofp.o ABSOLUTE
    ../mathlib/fpclassify.c                  0x00000000   Number         0  fpclassify.o ABSOLUTE
    LCD.c                                    0x00000000   Number         0  lcd.o ABSOLUTE
    RTE/Device/STM32F407VGTx/startup_stm32f407xx.s 0x00000000   Number         0  startup_stm32f407xx.o ABSOLUTE
    dc.s                                     0x00000000   Number         0  dc.o ABSOLUTE
    lab_gpio.c                               0x00000000   Number         0  lab_gpio.o ABSOLUTE
    main.c                                   0x00000000   Number         0  main.o ABSOLUTE
    system_stm32f4xx.c                       0x00000000   Number         0  system_stm32f4xx.o ABSOLUTE
    RESET                                    0x08000000   Section      392  startup_stm32f407xx.o(RESET)
    !!!main                                  0x08000188   Section        8  __main.o(!!!main)
    !!!scatter                               0x08000190   Section       52  __scatter.o(!!!scatter)
    !!handler_copy                           0x080001c4   Section       26  __scatter_copy.o(!!handler_copy)
    !!handler_zi                             0x080001e0   Section       28  __scatter_zi.o(!!handler_zi)
    .ARM.Collect$$_printf_percent$$00000000  0x080001fc   Section        0  _printf_percent.o(.ARM.Collect$$_printf_percent$$00000000)
    .ARM.Collect$$_printf_percent$$00000001  0x080001fc   Section        6  _printf_n.o(.ARM.Collect$$_printf_percent$$00000001)
    .ARM.Collect$$_printf_percent$$00000002  0x08000202   Section        6  _printf_p.o(.ARM.Collect$$_printf_percent$$00000002)
    .ARM.Collect$$_printf_percent$$00000003  0x08000208   Section        6  _printf_f.o(.ARM.Collect$$_printf_percent$$00000003)
    .ARM.Collect$$_printf_percent$$00000004  0x0800020e   Section        6  _printf_e.o(.ARM.Collect$$_printf_percent$$00000004)
    .ARM.Collect$$_printf_percent$$00000005  0x08000214   Section        6  _printf_g.o(.ARM.Collect$$_printf_percent$$00000005)
    .ARM.Collect$$_printf_percent$$00000006  0x0800021a   Section        6  _printf_a.o(.ARM.Collect$$_printf_percent$$00000006)
    .ARM.Collect$$_printf_percent$$00000007  0x08000220   Section       10  _printf_ll.o(.ARM.Collect$$_printf_percent$$00000007)
    .ARM.Collect$$_printf_percent$$00000008  0x0800022a   Section        6  _printf_i.o(.ARM.Collect$$_printf_percent$$00000008)
    .ARM.Collect$$_printf_percent$$00000009  0x08000230   Section        6  _printf_d.o(.ARM.Collect$$_printf_percent$$00000009)
    .ARM.Collect$$_printf_percent$$0000000A  0x08000236   Section        6  _printf_u.o(.ARM.Collect$$_printf_percent$$0000000A)
    .ARM.Collect$$_printf_percent$$0000000B  0x0800023c   Section        6  _printf_o.o(.ARM.Collect$$_printf_percent$$0000000B)
    .ARM.Collect$$_printf_percent$$0000000C  0x08000242   Section        6  _printf_x.o(.ARM.Collect$$_printf_percent$$0000000C)
    .ARM.Collect$$_printf_percent$$0000000D  0x08000248   Section        6  _printf_lli.o(.ARM.Collect$$_printf_percent$$0000000D)
    .ARM.Collect$$_printf_percent$$0000000E  0x0800024e   Section        6  _printf_lld.o(.ARM.Collect$$_printf_percent$$0000000E)
    .ARM.Collect$$_printf_percent$$0000000F  0x08000254   Section        6  _printf_llu.o(.ARM.Collect$$_printf_percent$$0000000F)
    .ARM.Collect$$_printf_percent$$00000010  0x0800025a   Section        6  _printf_llo.o(.ARM.Collect$$_printf_percent$$00000010)
    .ARM.Collect$$_printf_percent$$00000011  0x08000260   Section        6  _printf_llx.o(.ARM.Collect$$_printf_percent$$00000011)
    .ARM.Collect$$_printf_percent$$00000012  0x08000266   Section       10  _printf_l.o(.ARM.Collect$$_printf_percent$$00000012)
    .ARM.Collect$$_printf_percent$$00000013  0x08000270   Section        6  _printf_c.o(.ARM.Collect$$_printf_percent$$00000013)
    .ARM.Collect$$_printf_percent$$00000014  0x08000276   Section        6  _printf_s.o(.ARM.Collect$$_printf_percent$$00000014)
    .ARM.Collect$$_printf_percent$$00000015  0x0800027c   Section        6  _printf_lc.o(.ARM.Collect$$_printf_percent$$00000015)
    .ARM.Collect$$_printf_percent$$00000016  0x08000282   Section        6  _printf_ls.o(.ARM.Collect$$_printf_percent$$00000016)
    .ARM.Collect$$_printf_percent$$00000017  0x08000288   Section        4  _printf_percent_end.o(.ARM.Collect$$_printf_percent$$00000017)
    .ARM.Collect$$libinit$$00000000          0x0800028c   Section        2  libinit.o(.ARM.Collect$$libinit$$00000000)
    .ARM.Collect$$libinit$$00000001          0x0800028e   Section        4  libinit2.o(.ARM.Collect$$libinit$$00000001)
    .ARM.Collect$$libinit$$00000004          0x08000292   Section        0  libinit2.o(.ARM.Collect$$libinit$$00000004)
    .ARM.Collect$$libinit$$0000000A          0x08000292   Section        0  libinit2.o(.ARM.Collect$$libinit$$0000000A)
    .ARM.Collect$$libinit$$0000000C          0x08000292   Section        0  libinit2.o(.ARM.Collect$$libinit$$0000000C)
    .ARM.Collect$$libinit$$0000000E          0x08000292   Section        0  libinit2.o(.ARM.Collect$$libinit$$0000000E)
    .ARM.Collect$$libinit$$0000000F          0x08000292   Section        6  libinit2.o(.ARM.Collect$$libinit$$0000000F)
    .ARM.Collect$$libinit$$00000011          0x08000298   Section        0  libinit2.o(.ARM.Collect$$libinit$$00000011)
    .ARM.Collect$$libinit$$00000012          0x08000298   Section       12  libinit2.o(.ARM.Collect$$libinit$$00000012)
    .ARM.Collect$$libinit$$00000013          0x080002a4   Section        0  libinit2.o(.ARM.Collect$$libinit$$00000013)
    .ARM.Collect$$libinit$$00000015          0x080002a4   Section        0  libinit2.o(.ARM.Collect$$libinit$$00000015)
    .ARM.Collect$$libinit$$00000016          0x080002a4   Section       10  libinit2.o(.ARM.Collect$$libinit$$00000016)
    .ARM.Collect$$libinit$$00000017          0x080002ae   Section        0  libinit2.o(.ARM.Collect$$libinit$$00000017)
    .ARM.Collect$$libinit$$00000019          0x080002ae   Section        0  libinit2.o(.ARM.Collect$$libinit$$00000019)
    .ARM.Collect$$libinit$$0000001B          0x080002ae   Section        0  libinit2.o(.ARM.Collect$$libinit$$0000001B)
    .ARM.Collect$$libinit$$0000001D          0x080002ae   Section        0  libinit2.o(.ARM.Collect$$libinit$$0000001D)
    .ARM.Collect$$libinit$$0000001F          0x080002ae   Section        0  libinit2.o(.ARM.Collect$$libinit$$0000001F)
    .ARM.Collect$$libinit$$00000021          0x080002ae   Section        0  libinit2.o(.ARM.Collect$$libinit$$00000021)
    .ARM.Collect$$libinit$$00000023          0x080002ae   Section        0  libinit2.o(.ARM.Collect$$libinit$$00000023)
    .ARM.Collect$$libinit$$00000025          0x080002ae   Section        0  libinit2.o(.ARM.Collect$$libinit$$00000025)
    .ARM.Collect$$libinit$$0000002C          0x080002ae   Section        0  libinit2.o(.ARM.Collect$$libinit$$0000002C)
    .ARM.Collect$$libinit$$0000002E          0x080002ae   Section        0  libinit2.o(.ARM.Collect$$libinit$$0000002E)
    .ARM.Collect$$libinit$$00000030          0x080002ae   Section        0  libinit2.o(.ARM.Collect$$libinit$$00000030)
    .ARM.Collect$$libinit$$00000032          0x080002ae   Section        0  libinit2.o(.ARM.Collect$$libinit$$00000032)
    .ARM.Collect$$libinit$$00000033          0x080002ae   Section        2  libinit2.o(.ARM.Collect$$libinit$$00000033)
    .ARM.Collect$$libshutdown$$00000000      0x080002b0   Section        2  libshutdown.o(.ARM.Collect$$libshutdown$$00000000)
    .ARM.Collect$$libshutdown$$00000002      0x080002b2   Section        0  libshutdown2.o(.ARM.Collect$$libshutdown$$00000002)
    .ARM.Collect$$libshutdown$$00000004      0x080002b2   Section        0  libshutdown2.o(.ARM.Collect$$libshutdown$$00000004)
    .ARM.Collect$$libshutdown$$00000007      0x080002b2   Section        0  libshutdown2.o(.ARM.Collect$$libshutdown$$00000007)
    .ARM.Collect$$libshutdown$$0000000A      0x080002b2   Section        0  libshutdown2.o(.ARM.Collect$$libshutdown$$0000000A)
    .ARM.Collect$$libshutdown$$0000000C      0x080002b2   Section        0  libshutdown2.o(.ARM.Collect$$libshutdown$$0000000C)
    .ARM.Collect$$libshutdown$$0000000F      0x080002b2   Section        0  libshutdown2.o(.ARM.Collect$$libshutdown$$0000000F)
    .ARM.Collect$$libshutdown$$00000010      0x080002b2   Section        2  libshutdown2.o(.ARM.Collect$$libshutdown$$00000010)
    .ARM.Collect$$rtentry$$00000000          0x080002b4   Section        0  __rtentry.o(.ARM.Collect$$rtentry$$00000000)
    .ARM.Collect$$rtentry$$00000002          0x080002b4   Section        0  __rtentry2.o(.ARM.Collect$$rtentry$$00000002)
    .ARM.Collect$$rtentry$$00000004          0x080002b4   Section        6  __rtentry4.o(.ARM.Collect$$rtentry$$00000004)
    .ARM.Collect$$rtentry$$00000009          0x080002ba   Section        0  __rtentry2.o(.ARM.Collect$$rtentry$$00000009)
    .ARM.Collect$$rtentry$$0000000A          0x080002ba   Section        4  __rtentry2.o(.ARM.Collect$$rtentry$$0000000A)
    .ARM.Collect$$rtentry$$0000000C          0x080002be   Section        0  __rtentry2.o(.ARM.Collect$$rtentry$$0000000C)
    .ARM.Collect$$rtentry$$0000000D          0x080002be   Section        8  __rtentry2.o(.ARM.Collect$$rtentry$$0000000D)
    .ARM.Collect$$rtexit$$00000000           0x080002c6   Section        2  rtexit.o(.ARM.Collect$$rtexit$$00000000)
    .ARM.Collect$$rtexit$$00000002           0x080002c8   Section        0  rtexit2.o(.ARM.Collect$$rtexit$$00000002)
    .ARM.Collect$$rtexit$$00000003           0x080002c8   Section        4  rtexit2.o(.ARM.Collect$$rtexit$$00000003)
    .ARM.Collect$$rtexit$$00000004           0x080002cc   Section        6  rtexit2.o(.ARM.Collect$$rtexit$$00000004)
    $v0                                      0x080002d4   Number         0  startup_stm32f407xx.o(.text)
    .text                                    0x080002d4   Section       64  startup_stm32f407xx.o(.text)
    .text                                    0x08000314   Section        0  sprintf.o(.text)
    .text                                    0x08000340   Section        0  strlen.o(.text)
    .text                                    0x0800037e   Section       86  strncpy.o(.text)
    .text                                    0x080003d4   Section        0  heapauxi.o(.text)
    .text                                    0x080003da   Section        0  _printf_pad.o(.text)
    .text                                    0x08000428   Section        0  _printf_truncate.o(.text)
    .text                                    0x0800044c   Section        0  _printf_str.o(.text)
    .text                                    0x080004a0   Section        0  _printf_dec.o(.text)
    .text                                    0x08000518   Section        0  _printf_charcount.o(.text)
    _printf_input_char                       0x08000541   Thumb Code    10  _printf_char_common.o(.text)
    .text                                    0x08000540   Section        0  _printf_char_common.o(.text)
    .text                                    0x08000570   Section        0  _sputc.o(.text)
    .text                                    0x0800057c   Section        0  _printf_wctomb.o(.text)
    .text                                    0x08000638   Section        0  _printf_longlong_dec.o(.text)
    _printf_longlong_oct_internal            0x080006b5   Thumb Code     0  _printf_oct_int_ll.o(.text)
    .text                                    0x080006b4   Section        0  _printf_oct_int_ll.o(.text)
    _printf_hex_common                       0x08000725   Thumb Code     0  _printf_hex_int_ll_ptr.o(.text)
    .text                                    0x08000724   Section        0  _printf_hex_int_ll_ptr.o(.text)
    .text                                    0x080007b8   Section        0  __printf_flags_ss_wp.o(.text)
    .text                                    0x08000940   Section       68  rt_memclr.o(.text)
    .text                                    0x08000984   Section      138  lludiv10.o(.text)
    .text                                    0x08000a0e   Section        0  _printf_intcommon.o(.text)
    _fp_digits                               0x08000ac1   Thumb Code   432  _printf_fp_dec.o(.text)
    .text                                    0x08000ac0   Section        0  _printf_fp_dec.o(.text)
    .text                                    0x08000edc   Section        0  _printf_fp_hex.o(.text)
    .text                                    0x080011d8   Section        0  _printf_char.o(.text)
    .text                                    0x08001204   Section        0  _printf_wchar.o(.text)
    .text                                    0x08001230   Section        0  _c16rtomb.o(.text)
    .text                                    0x08001278   Section       78  rt_memclr_w.o(.text)
    .text                                    0x080012c6   Section       74  sys_stackheap_outer.o(.text)
    .text                                    0x08001310   Section       16  rt_ctype_table.o(.text)
    .text                                    0x08001320   Section        8  rt_locale_intlibspace.o(.text)
    .text                                    0x08001328   Section        0  _printf_fp_infnan.o(.text)
    .text                                    0x080013a8   Section        0  bigflt0.o(.text)
    .text                                    0x0800148c   Section        0  exit.o(.text)
    .text                                    0x080014a0   Section        8  libspace.o(.text)
    .text                                    0x080014a8   Section      124  strcmpv7em.o(.text)
    .text                                    0x08001524   Section        0  sys_exit.o(.text)
    .text                                    0x08001530   Section        2  use_no_semi.o(.text)
    .text                                    0x08001532   Section        0  indicate_semi.o(.text)
    [Anonymous Symbol]                       0x08001534   Section        0  lcd.o(.text.LCD_clear_display)
    [Anonymous Symbol]                       0x08001540   Section        0  lcd.o(.text.LCD_init)
    [Anonymous Symbol]                       0x080015b0   Section        0  lcd.o(.text.LCD_port_init)
    LCD_putNibble                            0x08001659   Thumb Code   116  lcd.o(.text.LCD_putNibble)
    [Anonymous Symbol]                       0x08001658   Section        0  lcd.o(.text.LCD_putNibble)
    [Anonymous Symbol]                       0x080016cc   Section        0  lcd.o(.text.LCD_send_cmd)
    [Anonymous Symbol]                       0x08001710   Section        0  lcd.o(.text.LCD_write_char)
    [Anonymous Symbol]                       0x08001734   Section        0  lcd.o(.text.LCD_write_string)
    [Anonymous Symbol]                       0x080017bc   Section        0  system_stm32f4xx.o(.text.SystemInit)
    capitalize_vowels                        0x080017d1   Thumb Code    70  main.o(.text.capitalize_vowels)
    [Anonymous Symbol]                       0x080017d0   Section        0  main.o(.text.capitalize_vowels)
    [Anonymous Symbol]                       0x08001818   Section        0  lcd.o(.text.delay)
    [Anonymous Symbol]                       0x08001840   Section        0  lab_gpio.o(.text.gpio_clock_enable)
    [Anonymous Symbol]                       0x08001860   Section        0  lab_gpio.o(.text.gpio_pin_clear)
    [Anonymous Symbol]                       0x0800187c   Section        0  lab_gpio.o(.text.gpio_pin_get_level)
    [Anonymous Symbol]                       0x080018a4   Section        0  lab_gpio.o(.text.gpio_pin_set)
    [Anonymous Symbol]                       0x080018c0   Section        0  lab_gpio.o(.text.gpio_pin_set_level)
    [Anonymous Symbol]                       0x08001900   Section        0  lab_gpio.o(.text.gpio_pin_set_mode)
    [Anonymous Symbol]                       0x08001928   Section        0  lab_gpio.o(.text.gpio_set_output_type)
    [Anonymous Symbol]                       0x08001950   Section        0  lab_gpio.o(.text.gpio_set_pupdr)
    handle_state_actions                     0x08001979   Thumb Code    56  main.o(.text.handle_state_actions)
    [Anonymous Symbol]                       0x08001978   Section        0  main.o(.text.handle_state_actions)
    handle_state_transition                  0x080019b1   Thumb Code   206  main.o(.text.handle_state_transition)
    [Anonymous Symbol]                       0x080019b0   Section        0  main.o(.text.handle_state_transition)
    is_lower_case_vowel                      0x08001a81   Thumb Code    92  main.o(.text.is_lower_case_vowel)
    [Anonymous Symbol]                       0x08001a80   Section        0  main.o(.text.is_lower_case_vowel)
    [Anonymous Symbol]                       0x08001adc   Section        0  main.o(.text.main)
    reverse_string                           0x08001bdd   Thumb Code    94  main.o(.text.reverse_string)
    [Anonymous Symbol]                       0x08001bdc   Section        0  main.o(.text.reverse_string)
    [Anonymous Symbol]                       0x08001c3c   Section        0  lcd.o(.text.tim6_delay)
    [Anonymous Symbol]                       0x08001ca0   Section        0  lab_gpio.o(.text.user_button_init)
    CL$$btod_d2e                             0x08001cca   Section       62  btod.o(CL$$btod_d2e)
    CL$$btod_d2e_denorm_low                  0x08001d08   Section       70  btod.o(CL$$btod_d2e_denorm_low)
    CL$$btod_d2e_norm_op1                    0x08001d4e   Section       96  btod.o(CL$$btod_d2e_norm_op1)
    CL$$btod_div_common                      0x08001db0   Section      824  btod.o(CL$$btod_div_common)
    CL$$btod_e2e                             0x080020e8   Section      220  btod.o(CL$$btod_e2e)
    CL$$btod_ediv                            0x080021c4   Section       42  btod.o(CL$$btod_ediv)
    CL$$btod_emul                            0x080021ee   Section       42  btod.o(CL$$btod_emul)
    CL$$btod_mult_common                     0x08002218   Section      580  btod.o(CL$$btod_mult_common)
    i.__ARM_fpclassify                       0x0800245c   Section        0  fpclassify.o(i.__ARM_fpclassify)
    i._is_digit                              0x0800248c   Section        0  __printf_wp.o(i._is_digit)
    locale$$code                             0x0800249c   Section       44  lc_numeric_c.o(locale$$code)
    locale$$code                             0x080024c8   Section       44  lc_ctype_c.o(locale$$code)
    $v0                                      0x080024f4   Number         0  fpinit.o(x$fpl$fpinit)
    x$fpl$fpinit                             0x080024f4   Section       26  fpinit.o(x$fpl$fpinit)
    $v0                                      0x0800250e   Number         0  printf1.o(x$fpl$printf1)
    x$fpl$printf1                            0x0800250e   Section        4  printf1.o(x$fpl$printf1)
    $v0                                      0x08002512   Number         0  printf2.o(x$fpl$printf2)
    x$fpl$printf2                            0x08002512   Section        4  printf2.o(x$fpl$printf2)
    x$fpl$usenofp                            0x08002516   Section        0  usenofp.o(x$fpl$usenofp)
    initial_mbstate                          0x08002518   Data           8  _printf_wctomb.o(.constdata)
    .constdata                               0x08002518   Section        8  _printf_wctomb.o(.constdata)
    uc_hextab                                0x08002520   Data          20  _printf_hex_int_ll_ptr.o(.constdata)
    .constdata                               0x08002520   Section       40  _printf_hex_int_ll_ptr.o(.constdata)
    lc_hextab                                0x08002534   Data          20  _printf_hex_int_ll_ptr.o(.constdata)
    maptable                                 0x08002548   Data          17  __printf_flags_ss_wp.o(.constdata)
    .constdata                               0x08002548   Section       17  __printf_flags_ss_wp.o(.constdata)
    lc_hextab                                0x08002559   Data          19  _printf_fp_hex.o(.constdata)
    .constdata                               0x08002559   Section       38  _printf_fp_hex.o(.constdata)
    uc_hextab                                0x0800256c   Data          19  _printf_fp_hex.o(.constdata)
    tenpwrs_x                                0x08002580   Data          60  bigflt0.o(.constdata)
    .constdata                               0x08002580   Section      148  bigflt0.o(.constdata)
    tenpwrs_i                                0x080025bc   Data          64  bigflt0.o(.constdata)
    [Anonymous Symbol]                       0x08002614   Section        0  main.o(.rodata.str1.1)
    .L.str                                   0x08002623   Data          10  main.o(.rodata.str1.1)
    locale$$data                             0x08002650   Section       28  lc_numeric_c.o(locale$$data)
    __lcnum_c_name                           0x08002654   Data           2  lc_numeric_c.o(locale$$data)
    __lcnum_c_start                          0x0800265c   Data           0  lc_numeric_c.o(locale$$data)
    __lcnum_c_point                          0x08002668   Data           0  lc_numeric_c.o(locale$$data)
    __lcnum_c_thousands                      0x0800266a   Data           0  lc_numeric_c.o(locale$$data)
    __lcnum_c_grouping                       0x0800266b   Data           0  lc_numeric_c.o(locale$$data)
    __lcnum_c_end                            0x0800266c   Data           0  lc_numeric_c.o(locale$$data)
    locale$$data                             0x0800266c   Section      272  lc_ctype_c.o(locale$$data)
    __lcctype_c_name                         0x08002670   Data           2  lc_ctype_c.o(locale$$data)
    __lcctype_c_start                        0x08002678   Data           0  lc_ctype_c.o(locale$$data)
    __lcctype_c_end                          0x0800277c   Data           0  lc_ctype_c.o(locale$$data)
    count_changed                            0x20000000   Data           4  main.o(.data.count_changed)
    [Anonymous Symbol]                       0x20000000   Section        0  main.o(.data.count_changed)
    message                                  0x20000004   Data           4  main.o(.data.message)
    [Anonymous Symbol]                       0x20000004   Section        0  main.o(.data.message)
    .bss                                     0x20000008   Section       96  libspace.o(.bss)
    count                                    0x20000068   Data           4  main.o(.bss.count)
    [Anonymous Symbol]                       0x20000068   Section        0  main.o(.bss.count)
    Heap_Mem                                 0x20000070   Data         512  startup_stm32f407xx.o(HEAP)
    HEAP                                     0x20000070   Section      512  startup_stm32f407xx.o(HEAP)
    Stack_Mem                                0x20000270   Data        1024  startup_stm32f407xx.o(STACK)
    STACK                                    0x20000270   Section     1024  startup_stm32f407xx.o(STACK)
    __initial_sp                             0x20000670   Data           0  startup_stm32f407xx.o(STACK)

    Global Symbols

    Symbol Name                              Value     Ov Type        Size  Object(Section)

    BuildAttributes$$THM_ISAv4$E$P$D$K$B$S$7EM$VFPi3$EXTD16$VFPS$VFMA$PE$A:L22UL41UL21$X:L11$S22US41US21$IEEE1$IW$~IW$USESV6$~STKCKD$USESV7$~SHL$OTIME$ROPI$IEEEJ$EBA8$UX$STANDARDLIB$REQ8$PRES8$EABIv2 0x00000000   Number         0  anon$$obj.o ABSOLUTE
    _printf_flags                            0x00000000   Number         0  printf_stubs.o ABSOLUTE
    _printf_return_value                     0x00000000   Number         0  printf_stubs.o ABSOLUTE
    _printf_sizespec                         0x00000000   Number         0  printf_stubs.o ABSOLUTE
    _printf_widthprec                        0x00000000   Number         0  printf_stubs.o ABSOLUTE
    __ARM_exceptions_init                     - Undefined Weak Reference
    __alloca_initialize                       - Undefined Weak Reference
    __arm_preinit_                            - Undefined Weak Reference
    __cpp_initialize__aeabi_                  - Undefined Weak Reference
    __cxa_finalize                            - Undefined Weak Reference
    __sigvec_lookup                           - Undefined Weak Reference
    _atexit_init                              - Undefined Weak Reference
    _call_atexit_fns                          - Undefined Weak Reference
    _clock_init                               - Undefined Weak Reference
    _fp_trap_init                             - Undefined Weak Reference
    _fp_trap_shutdown                         - Undefined Weak Reference
    _get_lc_collate                           - Undefined Weak Reference
    _get_lc_monetary                          - Undefined Weak Reference
    _get_lc_time                              - Undefined Weak Reference
    _getenv_init                              - Undefined Weak Reference
    _handle_redirection                       - Undefined Weak Reference
    _init_alloc                               - Undefined Weak Reference
    _init_user_alloc                          - Undefined Weak Reference
    _initio                                   - Undefined Weak Reference
    _printf_mbtowc                            - Undefined Weak Reference
    _printf_wc                                - Undefined Weak Reference
    _rand_init                                - Undefined Weak Reference
    _signal_finish                            - Undefined Weak Reference
    _signal_init                              - Undefined Weak Reference
    _terminate_alloc                          - Undefined Weak Reference
    _terminate_user_alloc                     - Undefined Weak Reference
    _terminateio                              - Undefined Weak Reference
    __Vectors_Size                           0x00000188   Number         0  startup_stm32f407xx.o ABSOLUTE
    __Vectors                                0x08000000   Data           4  startup_stm32f407xx.o(RESET)
    __Vectors_End                            0x08000188   Data           0  startup_stm32f407xx.o(RESET)
    __main                                   0x08000189   Thumb Code     8  __main.o(!!!main)
    __scatterload                            0x08000191   Thumb Code     0  __scatter.o(!!!scatter)
    __scatterload_rt2                        0x08000191   Thumb Code    44  __scatter.o(!!!scatter)
    __scatterload_rt2_thumb_only             0x08000191   Thumb Code     0  __scatter.o(!!!scatter)
    __scatterload_null                       0x0800019f   Thumb Code     0  __scatter.o(!!!scatter)
    __scatterload_copy                       0x080001c5   Thumb Code    26  __scatter_copy.o(!!handler_copy)
    __scatterload_zeroinit                   0x080001e1   Thumb Code    28  __scatter_zi.o(!!handler_zi)
    _printf_n                                0x080001fd   Thumb Code     0  _printf_n.o(.ARM.Collect$$_printf_percent$$00000001)
    _printf_percent                          0x080001fd   Thumb Code     0  _printf_percent.o(.ARM.Collect$$_printf_percent$$00000000)
    _printf_p                                0x08000203   Thumb Code     0  _printf_p.o(.ARM.Collect$$_printf_percent$$00000002)
    _printf_f                                0x08000209   Thumb Code     0  _printf_f.o(.ARM.Collect$$_printf_percent$$00000003)
    _printf_e                                0x0800020f   Thumb Code     0  _printf_e.o(.ARM.Collect$$_printf_percent$$00000004)
    _printf_g                                0x08000215   Thumb Code     0  _printf_g.o(.ARM.Collect$$_printf_percent$$00000005)
    _printf_a                                0x0800021b   Thumb Code     0  _printf_a.o(.ARM.Collect$$_printf_percent$$00000006)
    _printf_ll                               0x08000221   Thumb Code     0  _printf_ll.o(.ARM.Collect$$_printf_percent$$00000007)
    _printf_i                                0x0800022b   Thumb Code     0  _printf_i.o(.ARM.Collect$$_printf_percent$$00000008)
    _printf_d                                0x08000231   Thumb Code     0  _printf_d.o(.ARM.Collect$$_printf_percent$$00000009)
    _printf_u                                0x08000237   Thumb Code     0  _printf_u.o(.ARM.Collect$$_printf_percent$$0000000A)
    _printf_o                                0x0800023d   Thumb Code     0  _printf_o.o(.ARM.Collect$$_printf_percent$$0000000B)
    _printf_x                                0x08000243   Thumb Code     0  _printf_x.o(.ARM.Collect$$_printf_percent$$0000000C)
    _printf_lli                              0x08000249   Thumb Code     0  _printf_lli.o(.ARM.Collect$$_printf_percent$$0000000D)
    _printf_lld                              0x0800024f   Thumb Code     0  _printf_lld.o(.ARM.Collect$$_printf_percent$$0000000E)
    _printf_llu                              0x08000255   Thumb Code     0  _printf_llu.o(.ARM.Collect$$_printf_percent$$0000000F)
    _printf_llo                              0x0800025b   Thumb Code     0  _printf_llo.o(.ARM.Collect$$_printf_percent$$00000010)
    _printf_llx                              0x08000261   Thumb Code     0  _printf_llx.o(.ARM.Collect$$_printf_percent$$00000011)
    _printf_l                                0x08000267   Thumb Code     0  _printf_l.o(.ARM.Collect$$_printf_percent$$00000012)
    _printf_c                                0x08000271   Thumb Code     0  _printf_c.o(.ARM.Collect$$_printf_percent$$00000013)
    _printf_s                                0x08000277   Thumb Code     0  _printf_s.o(.ARM.Collect$$_printf_percent$$00000014)
    _printf_lc                               0x0800027d   Thumb Code     0  _printf_lc.o(.ARM.Collect$$_printf_percent$$00000015)
    _printf_ls                               0x08000283   Thumb Code     0  _printf_ls.o(.ARM.Collect$$_printf_percent$$00000016)
    _printf_percent_end                      0x08000289   Thumb Code     0  _printf_percent_end.o(.ARM.Collect$$_printf_percent$$00000017)
    __rt_lib_init                            0x0800028d   Thumb Code     0  libinit.o(.ARM.Collect$$libinit$$00000000)
    __rt_lib_init_fp_1                       0x0800028f   Thumb Code     0  libinit2.o(.ARM.Collect$$libinit$$00000001)
    __rt_lib_init_heap_1                     0x08000293   Thumb Code     0  libinit2.o(.ARM.Collect$$libinit$$0000000A)
    __rt_lib_init_lc_common                  0x08000293   Thumb Code     0  libinit2.o(.ARM.Collect$$libinit$$0000000F)
    __rt_lib_init_preinit_1                  0x08000293   Thumb Code     0  libinit2.o(.ARM.Collect$$libinit$$00000004)
    __rt_lib_init_rand_1                     0x08000293   Thumb Code     0  libinit2.o(.ARM.Collect$$libinit$$0000000E)
    __rt_lib_init_user_alloc_1               0x08000293   Thumb Code     0  libinit2.o(.ARM.Collect$$libinit$$0000000C)
    __rt_lib_init_lc_collate_1               0x08000299   Thumb Code     0  libinit2.o(.ARM.Collect$$libinit$$00000011)
    __rt_lib_init_lc_ctype_2                 0x08000299   Thumb Code     0  libinit2.o(.ARM.Collect$$libinit$$00000012)
    __rt_lib_init_lc_ctype_1                 0x080002a5   Thumb Code     0  libinit2.o(.ARM.Collect$$libinit$$00000013)
    __rt_lib_init_lc_monetary_1              0x080002a5   Thumb Code     0  libinit2.o(.ARM.Collect$$libinit$$00000015)
    __rt_lib_init_lc_numeric_2               0x080002a5   Thumb Code     0  libinit2.o(.ARM.Collect$$libinit$$00000016)
    __rt_lib_init_alloca_1                   0x080002af   Thumb Code     0  libinit2.o(.ARM.Collect$$libinit$$0000002E)
    __rt_lib_init_argv_1                     0x080002af   Thumb Code     0  libinit2.o(.ARM.Collect$$libinit$$0000002C)
    __rt_lib_init_atexit_1                   0x080002af   Thumb Code     0  libinit2.o(.ARM.Collect$$libinit$$0000001B)
    __rt_lib_init_clock_1                    0x080002af   Thumb Code     0  libinit2.o(.ARM.Collect$$libinit$$00000021)
    __rt_lib_init_cpp_1                      0x080002af   Thumb Code     0  libinit2.o(.ARM.Collect$$libinit$$00000032)
    __rt_lib_init_exceptions_1               0x080002af   Thumb Code     0  libinit2.o(.ARM.Collect$$libinit$$00000030)
    __rt_lib_init_fp_trap_1                  0x080002af   Thumb Code     0  libinit2.o(.ARM.Collect$$libinit$$0000001F)
    __rt_lib_init_getenv_1                   0x080002af   Thumb Code     0  libinit2.o(.ARM.Collect$$libinit$$00000023)
    __rt_lib_init_lc_numeric_1               0x080002af   Thumb Code     0  libinit2.o(.ARM.Collect$$libinit$$00000017)
    __rt_lib_init_lc_time_1                  0x080002af   Thumb Code     0  libinit2.o(.ARM.Collect$$libinit$$00000019)
    __rt_lib_init_return                     0x080002af   Thumb Code     0  libinit2.o(.ARM.Collect$$libinit$$00000033)
    __rt_lib_init_signal_1                   0x080002af   Thumb Code     0  libinit2.o(.ARM.Collect$$libinit$$0000001D)
    __rt_lib_init_stdio_1                    0x080002af   Thumb Code     0  libinit2.o(.ARM.Collect$$libinit$$00000025)
    __rt_lib_shutdown                        0x080002b1   Thumb Code     0  libshutdown.o(.ARM.Collect$$libshutdown$$00000000)
    __rt_lib_shutdown_cpp_1                  0x080002b3   Thumb Code     0  libshutdown2.o(.ARM.Collect$$libshutdown$$00000002)
    __rt_lib_shutdown_fp_trap_1              0x080002b3   Thumb Code     0  libshutdown2.o(.ARM.Collect$$libshutdown$$00000007)
    __rt_lib_shutdown_heap_1                 0x080002b3   Thumb Code     0  libshutdown2.o(.ARM.Collect$$libshutdown$$0000000F)
    __rt_lib_shutdown_return                 0x080002b3   Thumb Code     0  libshutdown2.o(.ARM.Collect$$libshutdown$$00000010)
    __rt_lib_shutdown_signal_1               0x080002b3   Thumb Code     0  libshutdown2.o(.ARM.Collect$$libshutdown$$0000000A)
    __rt_lib_shutdown_stdio_1                0x080002b3   Thumb Code     0  libshutdown2.o(.ARM.Collect$$libshutdown$$00000004)
    __rt_lib_shutdown_user_alloc_1           0x080002b3   Thumb Code     0  libshutdown2.o(.ARM.Collect$$libshutdown$$0000000C)
    __rt_entry                               0x080002b5   Thumb Code     0  __rtentry.o(.ARM.Collect$$rtentry$$00000000)
    __rt_entry_presh_1                       0x080002b5   Thumb Code     0  __rtentry2.o(.ARM.Collect$$rtentry$$00000002)
    __rt_entry_sh                            0x080002b5   Thumb Code     0  __rtentry4.o(.ARM.Collect$$rtentry$$00000004)
    __rt_entry_li                            0x080002bb   Thumb Code     0  __rtentry2.o(.ARM.Collect$$rtentry$$0000000A)
    __rt_entry_postsh_1                      0x080002bb   Thumb Code     0  __rtentry2.o(.ARM.Collect$$rtentry$$00000009)
    __rt_entry_main                          0x080002bf   Thumb Code     0  __rtentry2.o(.ARM.Collect$$rtentry$$0000000D)
    __rt_entry_postli_1                      0x080002bf   Thumb Code     0  __rtentry2.o(.ARM.Collect$$rtentry$$0000000C)
    __rt_exit                                0x080002c7   Thumb Code     0  rtexit.o(.ARM.Collect$$rtexit$$00000000)
    __rt_exit_ls                             0x080002c9   Thumb Code     0  rtexit2.o(.ARM.Collect$$rtexit$$00000003)
    __rt_exit_prels_1                        0x080002c9   Thumb Code     0  rtexit2.o(.ARM.Collect$$rtexit$$00000002)
    __rt_exit_exit                           0x080002cd   Thumb Code     0  rtexit2.o(.ARM.Collect$$rtexit$$00000004)
    Reset_Handler                            0x080002d5   Thumb Code     8  startup_stm32f407xx.o(.text)
    NMI_Handler                              0x080002dd   Thumb Code     2  startup_stm32f407xx.o(.text)
    HardFault_Handler                        0x080002df   Thumb Code     2  startup_stm32f407xx.o(.text)
    MemManage_Handler                        0x080002e1   Thumb Code     2  startup_stm32f407xx.o(.text)
    BusFault_Handler                         0x080002e3   Thumb Code     2  startup_stm32f407xx.o(.text)
    UsageFault_Handler                       0x080002e5   Thumb Code     2  startup_stm32f407xx.o(.text)
    SVC_Handler                              0x080002e7   Thumb Code     2  startup_stm32f407xx.o(.text)
    DebugMon_Handler                         0x080002e9   Thumb Code     2  startup_stm32f407xx.o(.text)
    PendSV_Handler                           0x080002eb   Thumb Code     2  startup_stm32f407xx.o(.text)
    SysTick_Handler                          0x080002ed   Thumb Code     2  startup_stm32f407xx.o(.text)
    ADC_IRQHandler                           0x080002ef   Thumb Code     0  startup_stm32f407xx.o(.text)
    CAN1_RX0_IRQHandler                      0x080002ef   Thumb Code     0  startup_stm32f407xx.o(.text)
    CAN1_RX1_IRQHandler                      0x080002ef   Thumb Code     0  startup_stm32f407xx.o(.text)
    CAN1_SCE_IRQHandler                      0x080002ef   Thumb Code     0  startup_stm32f407xx.o(.text)
    CAN1_TX_IRQHandler                       0x080002ef   Thumb Code     0  startup_stm32f407xx.o(.text)
    CAN2_RX0_IRQHandler                      0x080002ef   Thumb Code     0  startup_stm32f407xx.o(.text)
    CAN2_RX1_IRQHandler                      0x080002ef   Thumb Code     0  startup_stm32f407xx.o(.text)
    CAN2_SCE_IRQHandler                      0x080002ef   Thumb Code     0  startup_stm32f407xx.o(.text)
    CAN2_TX_IRQHandler                       0x080002ef   Thumb Code     0  startup_stm32f407xx.o(.text)
    DCMI_IRQHandler                          0x080002ef   Thumb Code     0  startup_stm32f407xx.o(.text)
    DMA1_Stream0_IRQHandler                  0x080002ef   Thumb Code     0  startup_stm32f407xx.o(.text)
    DMA1_Stream1_IRQHandler                  0x080002ef   Thumb Code     0  startup_stm32f407xx.o(.text)
    DMA1_Stream2_IRQHandler                  0x080002ef   Thumb Code     0  startup_stm32f407xx.o(.text)
    DMA1_Stream3_IRQHandler                  0x080002ef   Thumb Code     0  startup_stm32f407xx.o(.text)
    DMA1_Stream4_IRQHandler                  0x080002ef   Thumb Code     0  startup_stm32f407xx.o(.text)
    DMA1_Stream5_IRQHandler                  0x080002ef   Thumb Code     0  startup_stm32f407xx.o(.text)
    DMA1_Stream6_IRQHandler                  0x080002ef   Thumb Code     0  startup_stm32f407xx.o(.text)
    DMA1_Stream7_IRQHandler                  0x080002ef   Thumb Code     0  startup_stm32f407xx.o(.text)
    DMA2_Stream0_IRQHandler                  0x080002ef   Thumb Code     0  startup_stm32f407xx.o(.text)
    DMA2_Stream1_IRQHandler                  0x080002ef   Thumb Code     0  startup_stm32f407xx.o(.text)
    DMA2_Stream2_IRQHandler                  0x080002ef   Thumb Code     0  startup_stm32f407xx.o(.text)
    DMA2_Stream3_IRQHandler                  0x080002ef   Thumb Code     0  startup_stm32f407xx.o(.text)
    DMA2_Stream4_IRQHandler                  0x080002ef   Thumb Code     0  startup_stm32f407xx.o(.text)
    DMA2_Stream5_IRQHandler                  0x080002ef   Thumb Code     0  startup_stm32f407xx.o(.text)
    DMA2_Stream6_IRQHandler                  0x080002ef   Thumb Code     0  startup_stm32f407xx.o(.text)
    DMA2_Stream7_IRQHandler                  0x080002ef   Thumb Code     0  startup_stm32f407xx.o(.text)
    ETH_IRQHandler                           0x080002ef   Thumb Code     0  startup_stm32f407xx.o(.text)
    ETH_WKUP_IRQHandler                      0x080002ef   Thumb Code     0  startup_stm32f407xx.o(.text)
    EXTI0_IRQHandler                         0x080002ef   Thumb Code     0  startup_stm32f407xx.o(.text)
    EXTI15_10_IRQHandler                     0x080002ef   Thumb Code     0  startup_stm32f407xx.o(.text)
    EXTI1_IRQHandler                         0x080002ef   Thumb Code     0  startup_stm32f407xx.o(.text)
    EXTI2_IRQHandler                         0x080002ef   Thumb Code     0  startup_stm32f407xx.o(.text)
    EXTI3_IRQHandler                         0x080002ef   Thumb Code     0  startup_stm32f407xx.o(.text)
    EXTI4_IRQHandler                         0x080002ef   Thumb Code     0  startup_stm32f407xx.o(.text)
    EXTI9_5_IRQHandler                       0x080002ef   Thumb Code     0  startup_stm32f407xx.o(.text)
    FLASH_IRQHandler                         0x080002ef   Thumb Code     0  startup_stm32f407xx.o(.text)
    FMC_IRQHandler                           0x080002ef   Thumb Code     0  startup_stm32f407xx.o(.text)
    FPU_IRQHandler                           0x080002ef   Thumb Code     0  startup_stm32f407xx.o(.text)
    HASH_RNG_IRQHandler                      0x080002ef   Thumb Code     0  startup_stm32f407xx.o(.text)
    I2C1_ER_IRQHandler                       0x080002ef   Thumb Code     0  startup_stm32f407xx.o(.text)
    I2C1_EV_IRQHandler                       0x080002ef   Thumb Code     0  startup_stm32f407xx.o(.text)
    I2C2_ER_IRQHandler                       0x080002ef   Thumb Code     0  startup_stm32f407xx.o(.text)
    I2C2_EV_IRQHandler                       0x080002ef   Thumb Code     0  startup_stm32f407xx.o(.text)
    I2C3_ER_IRQHandler                       0x080002ef   Thumb Code     0  startup_stm32f407xx.o(.text)
    I2C3_EV_IRQHandler                       0x080002ef   Thumb Code     0  startup_stm32f407xx.o(.text)
    OTG_FS_IRQHandler                        0x080002ef   Thumb Code     0  startup_stm32f407xx.o(.text)
    OTG_FS_WKUP_IRQHandler                   0x080002ef   Thumb Code     0  startup_stm32f407xx.o(.text)
    OTG_HS_EP1_IN_IRQHandler                 0x080002ef   Thumb Code     0  startup_stm32f407xx.o(.text)
    OTG_HS_EP1_OUT_IRQHandler                0x080002ef   Thumb Code     0  startup_stm32f407xx.o(.text)
    OTG_HS_IRQHandler                        0x080002ef   Thumb Code     0  startup_stm32f407xx.o(.text)
    OTG_HS_WKUP_IRQHandler                   0x080002ef   Thumb Code     0  startup_stm32f407xx.o(.text)
    PVD_IRQHandler                           0x080002ef   Thumb Code     0  startup_stm32f407xx.o(.text)
    RCC_IRQHandler                           0x080002ef   Thumb Code     0  startup_stm32f407xx.o(.text)
    RTC_Alarm_IRQHandler                     0x080002ef   Thumb Code     0  startup_stm32f407xx.o(.text)
    RTC_WKUP_IRQHandler                      0x080002ef   Thumb Code     0  startup_stm32f407xx.o(.text)
    SDIO_IRQHandler                          0x080002ef   Thumb Code     0  startup_stm32f407xx.o(.text)
    SPI1_IRQHandler                          0x080002ef   Thumb Code     0  startup_stm32f407xx.o(.text)
    SPI2_IRQHandler                          0x080002ef   Thumb Code     0  startup_stm32f407xx.o(.text)
    SPI3_IRQHandler                          0x080002ef   Thumb Code     0  startup_stm32f407xx.o(.text)
    TAMP_STAMP_IRQHandler                    0x080002ef   Thumb Code     0  startup_stm32f407xx.o(.text)
    TIM1_BRK_TIM9_IRQHandler                 0x080002ef   Thumb Code     0  startup_stm32f407xx.o(.text)
    TIM1_CC_IRQHandler                       0x080002ef   Thumb Code     0  startup_stm32f407xx.o(.text)
    TIM1_TRG_COM_TIM11_IRQHandler            0x080002ef   Thumb Code     0  startup_stm32f407xx.o(.text)
    TIM1_UP_TIM10_IRQHandler                 0x080002ef   Thumb Code     0  startup_stm32f407xx.o(.text)
    TIM2_IRQHandler                          0x080002ef   Thumb Code     0  startup_stm32f407xx.o(.text)
    TIM3_IRQHandler                          0x080002ef   Thumb Code     0  startup_stm32f407xx.o(.text)
    TIM4_IRQHandler                          0x080002ef   Thumb Code     0  startup_stm32f407xx.o(.text)
    TIM5_IRQHandler                          0x080002ef   Thumb Code     0  startup_stm32f407xx.o(.text)
    TIM6_DAC_IRQHandler                      0x080002ef   Thumb Code     0  startup_stm32f407xx.o(.text)
    TIM7_IRQHandler                          0x080002ef   Thumb Code     0  startup_stm32f407xx.o(.text)
    TIM8_BRK_TIM12_IRQHandler                0x080002ef   Thumb Code     0  startup_stm32f407xx.o(.text)
    TIM8_CC_IRQHandler                       0x080002ef   Thumb Code     0  startup_stm32f407xx.o(.text)
    TIM8_TRG_COM_TIM14_IRQHandler            0x080002ef   Thumb Code     0  startup_stm32f407xx.o(.text)
    TIM8_UP_TIM13_IRQHandler                 0x080002ef   Thumb Code     0  startup_stm32f407xx.o(.text)
    UART4_IRQHandler                         0x080002ef   Thumb Code     0  startup_stm32f407xx.o(.text)
    UART5_IRQHandler                         0x080002ef   Thumb Code     0  startup_stm32f407xx.o(.text)
    USART1_IRQHandler                        0x080002ef   Thumb Code     0  startup_stm32f407xx.o(.text)
    USART2_IRQHandler                        0x080002ef   Thumb Code     0  startup_stm32f407xx.o(.text)
    USART3_IRQHandler                        0x080002ef   Thumb Code     0  startup_stm32f407xx.o(.text)
    USART6_IRQHandler                        0x080002ef   Thumb Code     0  startup_stm32f407xx.o(.text)
    WWDG_IRQHandler                          0x080002ef   Thumb Code     0  startup_stm32f407xx.o(.text)
    __user_initial_stackheap                 0x080002f1   Thumb Code     0  startup_stm32f407xx.o(.text)
    sprintf                                  0x08000315   Thumb Code    38  sprintf.o(.text)
    strlen                                   0x08000341   Thumb Code    62  strlen.o(.text)
    strncpy                                  0x0800037f   Thumb Code    86  strncpy.o(.text)
    __use_two_region_memory                  0x080003d5   Thumb Code     2  heapauxi.o(.text)
    __rt_heap_escrow$2region                 0x080003d7   Thumb Code     2  heapauxi.o(.text)
    __rt_heap_expand$2region                 0x080003d9   Thumb Code     2  heapauxi.o(.text)
    _printf_pre_padding                      0x080003db   Thumb Code    44  _printf_pad.o(.text)
    _printf_post_padding                     0x08000407   Thumb Code    34  _printf_pad.o(.text)
    _printf_truncate_signed                  0x08000429   Thumb Code    18  _printf_truncate.o(.text)
    _printf_truncate_unsigned                0x0800043b   Thumb Code    18  _printf_truncate.o(.text)
    _printf_str                              0x0800044d   Thumb Code    82  _printf_str.o(.text)
    _printf_int_dec                          0x080004a1   Thumb Code   104  _printf_dec.o(.text)
    _printf_charcount                        0x08000519   Thumb Code    40  _printf_charcount.o(.text)
    _printf_char_common                      0x0800054b   Thumb Code    32  _printf_char_common.o(.text)
    _sputc                                   0x08000571   Thumb Code    10  _sputc.o(.text)
    _printf_wctomb                           0x0800057d   Thumb Code   182  _printf_wctomb.o(.text)
    _printf_longlong_dec                     0x08000639   Thumb Code   108  _printf_longlong_dec.o(.text)
    _printf_longlong_oct                     0x080006b5   Thumb Code    68  _printf_oct_int_ll.o(.text)
    _printf_int_oct                          0x080006f9   Thumb Code    24  _printf_oct_int_ll.o(.text)
    _printf_ll_oct                           0x08000711   Thumb Code    12  _printf_oct_int_ll.o(.text)
    _printf_longlong_hex                     0x08000725   Thumb Code    86  _printf_hex_int_ll_ptr.o(.text)
    _printf_int_hex                          0x0800077b   Thumb Code    28  _printf_hex_int_ll_ptr.o(.text)
    _printf_ll_hex                           0x08000797   Thumb Code    12  _printf_hex_int_ll_ptr.o(.text)
    _printf_hex_ptr                          0x080007a3   Thumb Code    18  _printf_hex_int_ll_ptr.o(.text)
    __printf                                 0x080007b9   Thumb Code   388  __printf_flags_ss_wp.o(.text)
    __aeabi_memclr                           0x08000941   Thumb Code     0  rt_memclr.o(.text)
    __rt_memclr                              0x08000941   Thumb Code     0  rt_memclr.o(.text)
    _memset                                  0x08000945   Thumb Code    64  rt_memclr.o(.text)
    _ll_udiv10                               0x08000985   Thumb Code   138  lludiv10.o(.text)
    _printf_int_common                       0x08000a0f   Thumb Code   178  _printf_intcommon.o(.text)
    _printf_fp_dec_real                      0x08000c71   Thumb Code   620  _printf_fp_dec.o(.text)
    _printf_fp_hex_real                      0x08000edd   Thumb Code   756  _printf_fp_hex.o(.text)
    _printf_cs_common                        0x080011d9   Thumb Code    20  _printf_char.o(.text)
    _printf_char                             0x080011ed   Thumb Code    16  _printf_char.o(.text)
    _printf_string                           0x080011fd   Thumb Code     8  _printf_char.o(.text)
    _printf_lcs_common                       0x08001205   Thumb Code    20  _printf_wchar.o(.text)
    _printf_wchar                            0x08001219   Thumb Code    16  _printf_wchar.o(.text)
    _printf_wstring                          0x08001229   Thumb Code     8  _printf_wchar.o(.text)
    _c16rtomb                                0x08001231   Thumb Code    72  _c16rtomb.o(.text)
    _wcrtomb                                 0x08001231   Thumb Code     0  _c16rtomb.o(.text)
    __aeabi_memclr4                          0x08001279   Thumb Code     0  rt_memclr_w.o(.text)
    __aeabi_memclr8                          0x08001279   Thumb Code     0  rt_memclr_w.o(.text)
    __rt_memclr_w                            0x08001279   Thumb Code     0  rt_memclr_w.o(.text)
    _memset_w                                0x0800127d   Thumb Code    74  rt_memclr_w.o(.text)
    __user_setup_stackheap                   0x080012c7   Thumb Code    74  sys_stackheap_outer.o(.text)
    __rt_ctype_table                         0x08001311   Thumb Code    16  rt_ctype_table.o(.text)
    __rt_locale                              0x08001321   Thumb Code     8  rt_locale_intlibspace.o(.text)
    _printf_fp_infnan                        0x08001329   Thumb Code   112  _printf_fp_infnan.o(.text)
    _btod_etento                             0x080013a9   Thumb Code   224  bigflt0.o(.text)
    exit                                     0x0800148d   Thumb Code    18  exit.o(.text)
    __user_libspace                          0x080014a1   Thumb Code     8  libspace.o(.text)
    __user_perproc_libspace                  0x080014a1   Thumb Code     0  libspace.o(.text)
    __user_perthread_libspace                0x080014a1   Thumb Code     0  libspace.o(.text)
    strcmp                                   0x080014a9   Thumb Code   124  strcmpv7em.o(.text)
    _sys_exit                                0x08001525   Thumb Code     8  sys_exit.o(.text)
    __I$use$semihosting                      0x08001531   Thumb Code     0  use_no_semi.o(.text)
    __use_no_semihosting_swi                 0x08001531   Thumb Code     2  use_no_semi.o(.text)
    __semihosting_library_function           0x08001533   Thumb Code     0  indicate_semi.o(.text)
    LCD_clear_display                        0x08001535   Thumb Code    10  lcd.o(.text.LCD_clear_display)
    LCD_init                                 0x08001541   Thumb Code   110  lcd.o(.text.LCD_init)
    LCD_port_init                            0x080015b1   Thumb Code   166  lcd.o(.text.LCD_port_init)
    LCD_send_cmd                             0x080016cd   Thumb Code    66  lcd.o(.text.LCD_send_cmd)
    LCD_write_char                           0x08001711   Thumb Code    34  lcd.o(.text.LCD_write_char)
    LCD_write_string                         0x08001735   Thumb Code   134  lcd.o(.text.LCD_write_string)
    SystemInit                               0x080017bd   Thumb Code    18  system_stm32f4xx.o(.text.SystemInit)
    delay                                    0x08001819   Thumb Code    38  lcd.o(.text.delay)
    gpio_clock_enable                        0x08001841   Thumb Code    30  lab_gpio.o(.text.gpio_clock_enable)
    gpio_pin_clear                           0x08001861   Thumb Code    26  lab_gpio.o(.text.gpio_pin_clear)
    gpio_pin_get_level                       0x0800187d   Thumb Code    38  lab_gpio.o(.text.gpio_pin_get_level)
    gpio_pin_set                             0x080018a5   Thumb Code    26  lab_gpio.o(.text.gpio_pin_set)
    gpio_pin_set_level                       0x080018c1   Thumb Code    62  lab_gpio.o(.text.gpio_pin_set_level)
    gpio_pin_set_mode                        0x08001901   Thumb Code    38  lab_gpio.o(.text.gpio_pin_set_mode)
    gpio_set_output_type                     0x08001929   Thumb Code    38  lab_gpio.o(.text.gpio_set_output_type)
    gpio_set_pupdr                           0x08001951   Thumb Code    38  lab_gpio.o(.text.gpio_set_pupdr)
    main                                     0x08001add   Thumb Code   254  main.o(.text.main)
    tim6_delay                               0x08001c3d   Thumb Code   100  lcd.o(.text.tim6_delay)
    user_button_init                         0x08001ca1   Thumb Code    42  lab_gpio.o(.text.user_button_init)
    _btod_d2e                                0x08001ccb   Thumb Code    62  btod.o(CL$$btod_d2e)
    _d2e_denorm_low                          0x08001d09   Thumb Code    70  btod.o(CL$$btod_d2e_denorm_low)
    _d2e_norm_op1                            0x08001d4f   Thumb Code    96  btod.o(CL$$btod_d2e_norm_op1)
    __btod_div_common                        0x08001db1   Thumb Code   696  btod.o(CL$$btod_div_common)
    _e2e                                     0x080020e9   Thumb Code   220  btod.o(CL$$btod_e2e)
    _btod_ediv                               0x080021c5   Thumb Code    42  btod.o(CL$$btod_ediv)
    _btod_emul                               0x080021ef   Thumb Code    42  btod.o(CL$$btod_emul)
    __btod_mult_common                       0x08002219   Thumb Code   580  btod.o(CL$$btod_mult_common)
    __ARM_fpclassify                         0x0800245d   Thumb Code    48  fpclassify.o(i.__ARM_fpclassify)
    _is_digit                                0x0800248d   Thumb Code    14  __printf_wp.o(i._is_digit)
    _get_lc_numeric                          0x0800249d   Thumb Code    44  lc_numeric_c.o(locale$$code)
    _get_lc_ctype                            0x080024c9   Thumb Code    44  lc_ctype_c.o(locale$$code)
    _fp_init                                 0x080024f5   Thumb Code    26  fpinit.o(x$fpl$fpinit)
    __fplib_config_fpu_vfp                   0x0800250d   Thumb Code     0  fpinit.o(x$fpl$fpinit)
    __fplib_config_pureend_doubles           0x0800250d   Thumb Code     0  fpinit.o(x$fpl$fpinit)
    _printf_fp_dec                           0x0800250f   Thumb Code     4  printf1.o(x$fpl$printf1)
    _printf_fp_hex                           0x08002513   Thumb Code     4  printf2.o(x$fpl$printf2)
    __I$use$fp                               0x08002516   Number         0  usenofp.o(x$fpl$usenofp)
    Region$$Table$$Base                      0x08002630   Number         0  anon$$obj.o(Region$$Table)
    Region$$Table$$Limit                     0x08002650   Number         0  anon$$obj.o(Region$$Table)
    __ctype                                  0x08002679   Data           0  lc_ctype_c.o(locale$$data)
    __libspace_start                         0x20000008   Data          96  libspace.o(.bss)
    __temporary_stack_top$libspace           0x20000068   Data           0  libspace.o(.bss)



==============================================================================

Memory Map of the image

  Image Entry point : 0x080002d5

  Load Region LR_1 (Base: 0x08000000, Size: 0x00002784, Max: 0xffffffff, ABSOLUTE)

    Execution Region ER_RO (Exec base: 0x08000000, Load base: 0x08000000, Size: 0x0000277c, Max: 0xffffffff, ABSOLUTE)

    Exec Addr    Load Addr    Size         Type   Attr      Idx    E Section Name        Object

    0x08000000   0x08000000   0x00000188   Data   RO           83    RESET               startup_stm32f407xx.o
    0x08000188   0x08000188   0x00000008   Code   RO          114  * !!!main             c_w.l(__main.o)
    0x08000190   0x08000190   0x00000034   Code   RO          453    !!!scatter          c_w.l(__scatter.o)
    0x080001c4   0x080001c4   0x0000001a   Code   RO          455    !!handler_copy      c_w.l(__scatter_copy.o)
    0x080001de   0x080001de   0x00000002   PAD
    0x080001e0   0x080001e0   0x0000001c   Code   RO          457    !!handler_zi        c_w.l(__scatter_zi.o)
    0x080001fc   0x080001fc   0x00000000   Code   RO          198    .ARM.Collect$$_printf_percent$$00000000  c_w.l(_printf_percent.o)
    0x080001fc   0x080001fc   0x00000006   Code   RO          187    .ARM.Collect$$_printf_percent$$00000001  c_w.l(_printf_n.o)
    0x08000202   0x08000202   0x00000006   Code   RO          189    .ARM.Collect$$_printf_percent$$00000002  c_w.l(_printf_p.o)
    0x08000208   0x08000208   0x00000006   Code   RO          194    .ARM.Collect$$_printf_percent$$00000003  c_w.l(_printf_f.o)
    0x0800020e   0x0800020e   0x00000006   Code   RO          195    .ARM.Collect$$_printf_percent$$00000004  c_w.l(_printf_e.o)
    0x08000214   0x08000214   0x00000006   Code   RO          196    .ARM.Collect$$_printf_percent$$00000005  c_w.l(_printf_g.o)
    0x0800021a   0x0800021a   0x00000006   Code   RO          197    .ARM.Collect$$_printf_percent$$00000006  c_w.l(_printf_a.o)
    0x08000220   0x08000220   0x0000000a   Code   RO          202    .ARM.Collect$$_printf_percent$$00000007  c_w.l(_printf_ll.o)
    0x0800022a   0x0800022a   0x00000006   Code   RO          191    .ARM.Collect$$_printf_percent$$00000008  c_w.l(_printf_i.o)
    0x08000230   0x08000230   0x00000006   Code   RO          192    .ARM.Collect$$_printf_percent$$00000009  c_w.l(_printf_d.o)
    0x08000236   0x08000236   0x00000006   Code   RO          193    .ARM.Collect$$_printf_percent$$0000000A  c_w.l(_printf_u.o)
    0x0800023c   0x0800023c   0x00000006   Code   RO          190    .ARM.Collect$$_printf_percent$$0000000B  c_w.l(_printf_o.o)
    0x08000242   0x08000242   0x00000006   Code   RO          188    .ARM.Collect$$_printf_percent$$0000000C  c_w.l(_printf_x.o)
    0x08000248   0x08000248   0x00000006   Code   RO          199    .ARM.Collect$$_printf_percent$$0000000D  c_w.l(_printf_lli.o)
    0x0800024e   0x0800024e   0x00000006   Code   RO          200    .ARM.Collect$$_printf_percent$$0000000E  c_w.l(_printf_lld.o)
    0x08000254   0x08000254   0x00000006   Code   RO          201    .ARM.Collect$$_printf_percent$$0000000F  c_w.l(_printf_llu.o)
    0x0800025a   0x0800025a   0x00000006   Code   RO          206    .ARM.Collect$$_printf_percent$$00000010  c_w.l(_printf_llo.o)
    0x08000260   0x08000260   0x00000006   Code   RO          207    .ARM.Collect$$_printf_percent$$00000011  c_w.l(_printf_llx.o)
    0x08000266   0x08000266   0x0000000a   Code   RO          203    .ARM.Collect$$_printf_percent$$00000012  c_w.l(_printf_l.o)
    0x08000270   0x08000270   0x00000006   Code   RO          185    .ARM.Collect$$_printf_percent$$00000013  c_w.l(_printf_c.o)
    0x08000276   0x08000276   0x00000006   Code   RO          186    .ARM.Collect$$_printf_percent$$00000014  c_w.l(_printf_s.o)
    0x0800027c   0x0800027c   0x00000006   Code   RO          204    .ARM.Collect$$_printf_percent$$00000015  c_w.l(_printf_lc.o)
    0x08000282   0x08000282   0x00000006   Code   RO          205    .ARM.Collect$$_printf_percent$$00000016  c_w.l(_printf_ls.o)
    0x08000288   0x08000288   0x00000004   Code   RO          250    .ARM.Collect$$_printf_percent$$00000017  c_w.l(_printf_percent_end.o)
    0x0800028c   0x0800028c   0x00000002   Code   RO          303    .ARM.Collect$$libinit$$00000000  c_w.l(libinit.o)
    0x0800028e   0x0800028e   0x00000004   Code   RO          321    .ARM.Collect$$libinit$$00000001  c_w.l(libinit2.o)
    0x08000292   0x08000292   0x00000000   Code   RO          324    .ARM.Collect$$libinit$$00000004  c_w.l(libinit2.o)
    0x08000292   0x08000292   0x00000000   Code   RO          327    .ARM.Collect$$libinit$$0000000A  c_w.l(libinit2.o)
    0x08000292   0x08000292   0x00000000   Code   RO          329    .ARM.Collect$$libinit$$0000000C  c_w.l(libinit2.o)
    0x08000292   0x08000292   0x00000000   Code   RO          331    .ARM.Collect$$libinit$$0000000E  c_w.l(libinit2.o)
    0x08000292   0x08000292   0x00000006   Code   RO          332    .ARM.Collect$$libinit$$0000000F  c_w.l(libinit2.o)
    0x08000298   0x08000298   0x00000000   Code   RO          334    .ARM.Collect$$libinit$$00000011  c_w.l(libinit2.o)
    0x08000298   0x08000298   0x0000000c   Code   RO          335    .ARM.Collect$$libinit$$00000012  c_w.l(libinit2.o)
    0x080002a4   0x080002a4   0x00000000   Code   RO          336    .ARM.Collect$$libinit$$00000013  c_w.l(libinit2.o)
    0x080002a4   0x080002a4   0x00000000   Code   RO          338    .ARM.Collect$$libinit$$00000015  c_w.l(libinit2.o)
    0x080002a4   0x080002a4   0x0000000a   Code   RO          339    .ARM.Collect$$libinit$$00000016  c_w.l(libinit2.o)
    0x080002ae   0x080002ae   0x00000000   Code   RO          340    .ARM.Collect$$libinit$$00000017  c_w.l(libinit2.o)
    0x080002ae   0x080002ae   0x00000000   Code   RO          342    .ARM.Collect$$libinit$$00000019  c_w.l(libinit2.o)
    0x080002ae   0x080002ae   0x00000000   Code   RO          344    .ARM.Collect$$libinit$$0000001B  c_w.l(libinit2.o)
    0x080002ae   0x080002ae   0x00000000   Code   RO          346    .ARM.Collect$$libinit$$0000001D  c_w.l(libinit2.o)
    0x080002ae   0x080002ae   0x00000000   Code   RO          348    .ARM.Collect$$libinit$$0000001F  c_w.l(libinit2.o)
    0x080002ae   0x080002ae   0x00000000   Code   RO          350    .ARM.Collect$$libinit$$00000021  c_w.l(libinit2.o)
    0x080002ae   0x080002ae   0x00000000   Code   RO          352    .ARM.Collect$$libinit$$00000023  c_w.l(libinit2.o)
    0x080002ae   0x080002ae   0x00000000   Code   RO          354    .ARM.Collect$$libinit$$00000025  c_w.l(libinit2.o)
    0x080002ae   0x080002ae   0x00000000   Code   RO          358    .ARM.Collect$$libinit$$0000002C  c_w.l(libinit2.o)
    0x080002ae   0x080002ae   0x00000000   Code   RO          360    .ARM.Collect$$libinit$$0000002E  c_w.l(libinit2.o)
    0x080002ae   0x080002ae   0x00000000   Code   RO          362    .ARM.Collect$$libinit$$00000030  c_w.l(libinit2.o)
    0x080002ae   0x080002ae   0x00000000   Code   RO          364    .ARM.Collect$$libinit$$00000032  c_w.l(libinit2.o)
    0x080002ae   0x080002ae   0x00000002   Code   RO          365    .ARM.Collect$$libinit$$00000033  c_w.l(libinit2.o)
    0x080002b0   0x080002b0   0x00000002   Code   RO          389    .ARM.Collect$$libshutdown$$00000000  c_w.l(libshutdown.o)
    0x080002b2   0x080002b2   0x00000000   Code   RO          404    .ARM.Collect$$libshutdown$$00000002  c_w.l(libshutdown2.o)
    0x080002b2   0x080002b2   0x00000000   Code   RO          406    .ARM.Collect$$libshutdown$$00000004  c_w.l(libshutdown2.o)
    0x080002b2   0x080002b2   0x00000000   Code   RO          409    .ARM.Collect$$libshutdown$$00000007  c_w.l(libshutdown2.o)
    0x080002b2   0x080002b2   0x00000000   Code   RO          412    .ARM.Collect$$libshutdown$$0000000A  c_w.l(libshutdown2.o)
    0x080002b2   0x080002b2   0x00000000   Code   RO          414    .ARM.Collect$$libshutdown$$0000000C  c_w.l(libshutdown2.o)
    0x080002b2   0x080002b2   0x00000000   Code   RO          417    .ARM.Collect$$libshutdown$$0000000F  c_w.l(libshutdown2.o)
    0x080002b2   0x080002b2   0x00000002   Code   RO          418    .ARM.Collect$$libshutdown$$00000010  c_w.l(libshutdown2.o)
    0x080002b4   0x080002b4   0x00000000   Code   RO          116    .ARM.Collect$$rtentry$$00000000  c_w.l(__rtentry.o)
    0x080002b4   0x080002b4   0x00000000   Code   RO          219    .ARM.Collect$$rtentry$$00000002  c_w.l(__rtentry2.o)
    0x080002b4   0x080002b4   0x00000006   Code   RO          231    .ARM.Collect$$rtentry$$00000004  c_w.l(__rtentry4.o)
    0x080002ba   0x080002ba   0x00000000   Code   RO          221    .ARM.Collect$$rtentry$$00000009  c_w.l(__rtentry2.o)
    0x080002ba   0x080002ba   0x00000004   Code   RO          222    .ARM.Collect$$rtentry$$0000000A  c_w.l(__rtentry2.o)
    0x080002be   0x080002be   0x00000000   Code   RO          224    .ARM.Collect$$rtentry$$0000000C  c_w.l(__rtentry2.o)
    0x080002be   0x080002be   0x00000008   Code   RO          225    .ARM.Collect$$rtentry$$0000000D  c_w.l(__rtentry2.o)
    0x080002c6   0x080002c6   0x00000002   Code   RO          312    .ARM.Collect$$rtexit$$00000000  c_w.l(rtexit.o)
    0x080002c8   0x080002c8   0x00000000   Code   RO          367    .ARM.Collect$$rtexit$$00000002  c_w.l(rtexit2.o)
    0x080002c8   0x080002c8   0x00000004   Code   RO          368    .ARM.Collect$$rtexit$$00000003  c_w.l(rtexit2.o)
    0x080002cc   0x080002cc   0x00000006   Code   RO          369    .ARM.Collect$$rtexit$$00000004  c_w.l(rtexit2.o)
    0x080002d2   0x080002d2   0x00000002   PAD
    0x080002d4   0x080002d4   0x00000040   Code   RO           84  * .text               startup_stm32f407xx.o
    0x08000314   0x08000314   0x0000002c   Code   RO          106    .text               c_w.l(sprintf.o)
    0x08000340   0x08000340   0x0000003e   Code   RO          108    .text               c_w.l(strlen.o)
    0x0800037e   0x0800037e   0x00000056   Code   RO          110    .text               c_w.l(strncpy.o)
    0x080003d4   0x080003d4   0x00000006   Code   RO          112    .text               c_w.l(heapauxi.o)
    0x080003da   0x080003da   0x0000004e   Code   RO          119    .text               c_w.l(_printf_pad.o)
    0x08000428   0x08000428   0x00000024   Code   RO          121    .text               c_w.l(_printf_truncate.o)
    0x0800044c   0x0800044c   0x00000052   Code   RO          123    .text               c_w.l(_printf_str.o)
    0x0800049e   0x0800049e   0x00000002   PAD
    0x080004a0   0x080004a0   0x00000078   Code   RO          125    .text               c_w.l(_printf_dec.o)
    0x08000518   0x08000518   0x00000028   Code   RO          127    .text               c_w.l(_printf_charcount.o)
    0x08000540   0x08000540   0x00000030   Code   RO          129    .text               c_w.l(_printf_char_common.o)
    0x08000570   0x08000570   0x0000000a   Code   RO          131    .text               c_w.l(_sputc.o)
    0x0800057a   0x0800057a   0x00000002   PAD
    0x0800057c   0x0800057c   0x000000bc   Code   RO          133    .text               c_w.l(_printf_wctomb.o)
    0x08000638   0x08000638   0x0000007c   Code   RO          136    .text               c_w.l(_printf_longlong_dec.o)
    0x080006b4   0x080006b4   0x00000070   Code   RO          142    .text               c_w.l(_printf_oct_int_ll.o)
    0x08000724   0x08000724   0x00000094   Code   RO          162    .text               c_w.l(_printf_hex_int_ll_ptr.o)
    0x080007b8   0x080007b8   0x00000188   Code   RO          182    .text               c_w.l(__printf_flags_ss_wp.o)
    0x08000940   0x08000940   0x00000044   Code   RO          208    .text               c_w.l(rt_memclr.o)
    0x08000984   0x08000984   0x0000008a   Code   RO          233    .text               c_w.l(lludiv10.o)
    0x08000a0e   0x08000a0e   0x000000b2   Code   RO          235    .text               c_w.l(_printf_intcommon.o)
    0x08000ac0   0x08000ac0   0x0000041c   Code   RO          237    .text               c_w.l(_printf_fp_dec.o)
    0x08000edc   0x08000edc   0x000002fc   Code   RO          241    .text               c_w.l(_printf_fp_hex.o)
    0x080011d8   0x080011d8   0x0000002c   Code   RO          246    .text               c_w.l(_printf_char.o)
    0x08001204   0x08001204   0x0000002c   Code   RO          248    .text               c_w.l(_printf_wchar.o)
    0x08001230   0x08001230   0x00000048   Code   RO          251    .text               c_w.l(_c16rtomb.o)
    0x08001278   0x08001278   0x0000004e   Code   RO          253    .text               c_w.l(rt_memclr_w.o)
    0x080012c6   0x080012c6   0x0000004a   Code   RO          255    .text               c_w.l(sys_stackheap_outer.o)
    0x08001310   0x08001310   0x00000010   Code   RO          257    .text               c_w.l(rt_ctype_table.o)
    0x08001320   0x08001320   0x00000008   Code   RO          262    .text               c_w.l(rt_locale_intlibspace.o)
    0x08001328   0x08001328   0x00000080   Code   RO          264    .text               c_w.l(_printf_fp_infnan.o)
    0x080013a8   0x080013a8   0x000000e4   Code   RO          266    .text               c_w.l(bigflt0.o)
    0x0800148c   0x0800148c   0x00000012   Code   RO          296    .text               c_w.l(exit.o)
    0x0800149e   0x0800149e   0x00000002   PAD
    0x080014a0   0x080014a0   0x00000008   Code   RO          309    .text               c_w.l(libspace.o)
    0x080014a8   0x080014a8   0x0000007c   Code   RO          319    .text               c_w.l(strcmpv7em.o)
    0x08001524   0x08001524   0x0000000c   Code   RO          379    .text               c_w.l(sys_exit.o)
    0x08001530   0x08001530   0x00000002   Code   RO          394    .text               c_w.l(use_no_semi.o)
    0x08001532   0x08001532   0x00000000   Code   RO          396    .text               c_w.l(indicate_semi.o)
    0x08001532   0x08001532   0x00000002   PAD
    0x08001534   0x08001534   0x0000000a   Code   RO           45    .text.LCD_clear_display  lcd.o
    0x0800153e   0x0800153e   0x00000002   PAD
    0x08001540   0x08001540   0x0000006e   Code   RO           37    .text.LCD_init      lcd.o
    0x080015ae   0x080015ae   0x00000002   PAD
    0x080015b0   0x080015b0   0x000000a6   Code   RO           35    .text.LCD_port_init  lcd.o
    0x08001656   0x08001656   0x00000002   PAD
    0x08001658   0x08001658   0x00000074   Code   RO           39    .text.LCD_putNibble  lcd.o
    0x080016cc   0x080016cc   0x00000042   Code   RO           41    .text.LCD_send_cmd  lcd.o
    0x0800170e   0x0800170e   0x00000002   PAD
    0x08001710   0x08001710   0x00000022   Code   RO           47    .text.LCD_write_char  lcd.o
    0x08001732   0x08001732   0x00000002   PAD
    0x08001734   0x08001734   0x00000086   Code   RO           49    .text.LCD_write_string  lcd.o
    0x080017ba   0x080017ba   0x00000002   PAD
    0x080017bc   0x080017bc   0x00000012   Code   RO           91    .text.SystemInit    system_stm32f4xx.o
    0x080017ce   0x080017ce   0x00000002   PAD
    0x080017d0   0x080017d0   0x00000046   Code   RO           66    .text.capitalize_vowels  main.o
    0x08001816   0x08001816   0x00000002   PAD
    0x08001818   0x08001818   0x00000026   Code   RO           33    .text.delay         lcd.o
    0x0800183e   0x0800183e   0x00000002   PAD
    0x08001840   0x08001840   0x0000001e   Code   RO            4    .text.gpio_clock_enable  lab_gpio.o
    0x0800185e   0x0800185e   0x00000002   PAD
    0x08001860   0x08001860   0x0000001a   Code   RO           16    .text.gpio_pin_clear  lab_gpio.o
    0x0800187a   0x0800187a   0x00000002   PAD
    0x0800187c   0x0800187c   0x00000026   Code   RO           18    .text.gpio_pin_get_level  lab_gpio.o
    0x080018a2   0x080018a2   0x00000002   PAD
    0x080018a4   0x080018a4   0x0000001a   Code   RO           14    .text.gpio_pin_set  lab_gpio.o
    0x080018be   0x080018be   0x00000002   PAD
    0x080018c0   0x080018c0   0x0000003e   Code   RO           22    .text.gpio_pin_set_level  lab_gpio.o
    0x080018fe   0x080018fe   0x00000002   PAD
    0x08001900   0x08001900   0x00000026   Code   RO            6    .text.gpio_pin_set_mode  lab_gpio.o
    0x08001926   0x08001926   0x00000002   PAD
    0x08001928   0x08001928   0x00000026   Code   RO           10    .text.gpio_set_output_type  lab_gpio.o
    0x0800194e   0x0800194e   0x00000002   PAD
    0x08001950   0x08001950   0x00000026   Code   RO            8    .text.gpio_set_pupdr  lab_gpio.o
    0x08001976   0x08001976   0x00000002   PAD
    0x08001978   0x08001978   0x00000038   Code   RO           62    .text.handle_state_actions  main.o
    0x080019b0   0x080019b0   0x000000ce   Code   RO           60    .text.handle_state_transition  main.o
    0x08001a7e   0x08001a7e   0x00000002   PAD
    0x08001a80   0x08001a80   0x0000005c   Code   RO           68    .text.is_lower_case_vowel  main.o
    0x08001adc   0x08001adc   0x000000fe   Code   RO           58    .text.main          main.o
    0x08001bda   0x08001bda   0x00000002   PAD
    0x08001bdc   0x08001bdc   0x0000005e   Code   RO           64    .text.reverse_string  main.o
    0x08001c3a   0x08001c3a   0x00000002   PAD
    0x08001c3c   0x08001c3c   0x00000064   Code   RO           31    .text.tim6_delay    lcd.o
    0x08001ca0   0x08001ca0   0x0000002a   Code   RO           12    .text.user_button_init  lab_gpio.o
    0x08001cca   0x08001cca   0x0000003e   Code   RO          269    CL$$btod_d2e        c_w.l(btod.o)
    0x08001d08   0x08001d08   0x00000046   Code   RO          271    CL$$btod_d2e_denorm_low  c_w.l(btod.o)
    0x08001d4e   0x08001d4e   0x00000060   Code   RO          270    CL$$btod_d2e_norm_op1  c_w.l(btod.o)
    0x08001dae   0x08001dae   0x00000002   PAD
    0x08001db0   0x08001db0   0x00000338   Code   RO          279    CL$$btod_div_common  c_w.l(btod.o)
    0x080020e8   0x080020e8   0x000000dc   Code   RO          276    CL$$btod_e2e        c_w.l(btod.o)
    0x080021c4   0x080021c4   0x0000002a   Code   RO          273    CL$$btod_ediv       c_w.l(btod.o)
    0x080021ee   0x080021ee   0x0000002a   Code   RO          272    CL$$btod_emul       c_w.l(btod.o)
    0x08002218   0x08002218   0x00000244   Code   RO          278    CL$$btod_mult_common  c_w.l(btod.o)
    0x0800245c   0x0800245c   0x00000030   Code   RO          307    i.__ARM_fpclassify  m_wm.l(fpclassify.o)
    0x0800248c   0x0800248c   0x0000000e   Code   RO          175    i._is_digit         c_w.l(__printf_wp.o)
    0x0800249a   0x0800249a   0x00000002   PAD
    0x0800249c   0x0800249c   0x0000002c   Code   RO          294    locale$$code        c_w.l(lc_numeric_c.o)
    0x080024c8   0x080024c8   0x0000002c   Code   RO          317    locale$$code        c_w.l(lc_ctype_c.o)
    0x080024f4   0x080024f4   0x0000001a   Code   RO          377    x$fpl$fpinit        fz_wm.l(fpinit.o)
    0x0800250e   0x0800250e   0x00000004   Code   RO          210    x$fpl$printf1       fz_wm.l(printf1.o)
    0x08002512   0x08002512   0x00000004   Code   RO          212    x$fpl$printf2       fz_wm.l(printf2.o)
    0x08002516   0x08002516   0x00000000   Code   RO          306    x$fpl$usenofp       fz_wm.l(usenofp.o)
    0x08002516   0x08002516   0x00000002   PAD
    0x08002518   0x08002518   0x00000008   Data   RO          134    .constdata          c_w.l(_printf_wctomb.o)
    0x08002520   0x08002520   0x00000028   Data   RO          163    .constdata          c_w.l(_printf_hex_int_ll_ptr.o)
    0x08002548   0x08002548   0x00000011   Data   RO          183    .constdata          c_w.l(__printf_flags_ss_wp.o)
    0x08002559   0x08002559   0x00000026   Data   RO          242    .constdata          c_w.l(_printf_fp_hex.o)
    0x0800257f   0x0800257f   0x00000001   PAD
    0x08002580   0x08002580   0x00000094   Data   RO          267    .constdata          c_w.l(bigflt0.o)
    0x08002614   0x08002614   0x00000019   Data   RO           73    .rodata.str1.1      main.o
    0x0800262d   0x0800262d   0x00000003   PAD
    0x08002630   0x08002630   0x00000020   Data   RO          452    Region$$Table       anon$$obj.o
    0x08002650   0x08002650   0x0000001c   Data   RO          293    locale$$data        c_w.l(lc_numeric_c.o)
    0x0800266c   0x0800266c   0x00000110   Data   RO          316    locale$$data        c_w.l(lc_ctype_c.o)


    Execution Region ER_RW (Exec base: 0x20000000, Load base: 0x0800277c, Size: 0x00000008, Max: 0xffffffff, ABSOLUTE)

    Exec Addr    Load Addr    Size         Type   Attr      Idx    E Section Name        Object

    0x20000000   0x0800277c   0x00000004   Data   RW           71    .data.count_changed  main.o
    0x20000004   0x08002780   0x00000004   Data   RW           72    .data.message       main.o


    Execution Region ER_ZI (Exec base: 0x20000008, Load base: 0x08002784, Size: 0x00000668, Max: 0xffffffff, ABSOLUTE)

    Exec Addr    Load Addr    Size         Type   Attr      Idx    E Section Name        Object

    0x20000008        -       0x00000060   Zero   RW          310    .bss                c_w.l(libspace.o)
    0x20000068        -       0x00000004   Zero   RW           70    .bss.count          main.o
    0x2000006c   0x08002784   0x00000004   PAD
    0x20000070        -       0x00000200   Zero   RW           82    HEAP                startup_stm32f407xx.o
    0x20000270        -       0x00000400   Zero   RW           81    STACK               startup_stm32f407xx.o


==============================================================================

Image component sizes


      Code (inc. data)   RO Data    RW Data    ZI Data      Debug   Object Name

       338          0          0          0          0       3143   lab_gpio.o
       774          0          0          0          0       3459   lcd.o
       772         12         25          8          4       2818   main.o
        64         26        392          0       1536        884   startup_stm32f407xx.o
        18          0          0          0          0       2640   system_stm32f4xx.o

    ----------------------------------------------------------------------
      2006         38        452          8       1544      12944   Object Totals
         0          0         32          0          0          0   (incl. Generated)
        40          0          3          0          4          0   (incl. Padding)

    ----------------------------------------------------------------------

      Code (inc. data)   RO Data    RW Data    ZI Data      Debug   Library Member Name

         8          0          0          0          0         68   __main.o
       392          4         17          0          0         92   __printf_flags_ss_wp.o
        14          0          0          0          0         68   __printf_wp.o
         0          0          0          0          0          0   __rtentry.o
        12          0          0          0          0          0   __rtentry2.o
         6          0          0          0          0          0   __rtentry4.o
        52          8          0          0          0          0   __scatter.o
        26          0          0          0          0          0   __scatter_copy.o
        28          0          0          0          0          0   __scatter_zi.o
        72          0          0          0          0         96   _c16rtomb.o
         6          0          0          0          0          0   _printf_a.o
         6          0          0          0          0          0   _printf_c.o
        44          0          0          0          0        108   _printf_char.o
        48          6          0          0          0         96   _printf_char_common.o
        40          0          0          0          0         68   _printf_charcount.o
         6          0          0          0          0          0   _printf_d.o
       120         16          0          0          0         92   _printf_dec.o
         6          0          0          0          0          0   _printf_e.o
         6          0          0          0          0          0   _printf_f.o
      1052          0          0          0          0        148   _printf_fp_dec.o
       764          8         38          0          0        100   _printf_fp_hex.o
       128         16          0          0          0         84   _printf_fp_infnan.o
         6          0          0          0          0          0   _printf_g.o
       148          4         40          0          0        160   _printf_hex_int_ll_ptr.o
         6          0          0          0          0          0   _printf_i.o
       178          0          0          0          0         88   _printf_intcommon.o
        10          0          0          0          0          0   _printf_l.o
         6          0          0          0          0          0   _printf_lc.o
        10          0          0          0          0          0   _printf_ll.o
         6          0          0          0          0          0   _printf_lld.o
         6          0          0          0          0          0   _printf_lli.o
         6          0          0          0          0          0   _printf_llo.o
         6          0          0          0          0          0   _printf_llu.o
         6          0          0          0          0          0   _printf_llx.o
       124         16          0          0          0         92   _printf_longlong_dec.o
         6          0          0          0          0          0   _printf_ls.o
         6          0          0          0          0          0   _printf_n.o
         6          0          0          0          0          0   _printf_o.o
       112          8          0          0          0        124   _printf_oct_int_ll.o
         6          0          0          0          0          0   _printf_p.o
        78          0          0          0          0        108   _printf_pad.o
         0          0          0          0          0          0   _printf_percent.o
         4          0          0          0          0          0   _printf_percent_end.o
         6          0          0          0          0          0   _printf_s.o
        82          0          0          0          0         80   _printf_str.o
        36          0          0          0          0         84   _printf_truncate.o
         6          0          0          0          0          0   _printf_u.o
        44          0          0          0          0        108   _printf_wchar.o
       188          6          8          0          0         92   _printf_wctomb.o
         6          0          0          0          0          0   _printf_x.o
        10          0          0          0          0         68   _sputc.o
       228          4        148          0          0         96   bigflt0.o
      1936        128          0          0          0        668   btod.o
        18          0          0          0          0         80   exit.o
         6          0          0          0          0        152   heapauxi.o
         0          0          0          0          0          0   indicate_semi.o
        44         10        272          0          0         76   lc_ctype_c.o
        44         10         28          0          0         76   lc_numeric_c.o
         2          0          0          0          0          0   libinit.o
        34          0          0          0          0          0   libinit2.o
         2          0          0          0          0          0   libshutdown.o
         2          0          0          0          0          0   libshutdown2.o
         8          4          0          0         96         68   libspace.o
       138          0          0          0          0         80   lludiv10.o
        16          4          0          0          0         76   rt_ctype_table.o
         8          4          0          0          0         68   rt_locale_intlibspace.o
        68          0          0          0          0         68   rt_memclr.o
        78          0          0          0          0         80   rt_memclr_w.o
         2          0          0          0          0          0   rtexit.o
        10          0          0          0          0          0   rtexit2.o
        44          6          0          0          0         84   sprintf.o
       124          0          0          0          0         88   strcmpv7em.o
        62          0          0          0          0         76   strlen.o
        86          0          0          0          0         76   strncpy.o
        12          4          0          0          0         68   sys_exit.o
        74          0          0          0          0         80   sys_stackheap_outer.o
         2          0          0          0          0         68   use_no_semi.o
        26          0          0          0          0        116   fpinit.o
         4          0          0          0          0        116   printf1.o
         4          0          0          0          0        116   printf2.o
         0          0          0          0          0          0   usenofp.o
        48          0          0          0          0        124   fpclassify.o

    ----------------------------------------------------------------------
      7098        266        552          0         96       4624   Library Totals
        18          0          1          0          0          0   (incl. Padding)

    ----------------------------------------------------------------------

      Code (inc. data)   RO Data    RW Data    ZI Data      Debug   Library Name

      6998        266        551          0         96       4152   c_w.l
        34          0          0          0          0        348   fz_wm.l
        48          0          0          0          0        124   m_wm.l

    ----------------------------------------------------------------------
      7098        266        552          0         96       4624   Library Totals

    ----------------------------------------------------------------------

==============================================================================


      Code (inc. data)   RO Data    RW Data    ZI Data      Debug   

      9104        304       1004          8       1640      15072   Grand Totals
      9104        304       1004          8       1640      15072   ELF Image Totals
      9104        304       1004          8          0          0   ROM Totals

==============================================================================

    Total RO  Size (Code + RO Data)                10108 (   9.87kB)
    Total RW  Size (RW Data + ZI Data)              1648 (   1.61kB)
    Total ROM Size (Code + RO Data + RW Data)      10116 (   9.88kB)

==============================================================================

